Jun 28 02:14:12 kali kernel: Linux version 6.12.13-amd64 (devel@kali.org) (x86_64-linux-gnu-gcc-14 (Debian 14.2.0-16) 14.2.0, GNU ld (GNU Binutils for Debian) 2.44) #1 SMP PREEMPT_DYNAMIC Kali 6.12.13-1kali1 (2025-02-11)
Jun 28 02:14:12 kali kernel: Command line: BOOT_IMAGE=/boot/vmlinuz-6.12.13-amd64 root=UUID=e8382397-fa61-492b-8ca9-b16662037a13 ro quiet splash
Jun 28 02:14:12 kali kernel: BIOS-provided physical RAM map:
Jun 28 02:14:12 kali kernel: BIOS-e820: [mem 0x0000000000000000-0x000000000009e7ff] usable
Jun 28 02:14:12 kali kernel: BIOS-e820: [mem 0x000000000009e800-0x000000000009ffff] reserved
Jun 28 02:14:12 kali kernel: BIOS-e820: [mem 0x00000000000dc000-0x00000000000fffff] reserved
Jun 28 02:14:12 kali kernel: BIOS-e820: [mem 0x0000000000100000-0x00000000bfedffff] usable
Jun 28 02:14:12 kali kernel: BIOS-e820: [mem 0x00000000bfee0000-0x00000000bfefefff] ACPI data
Jun 28 02:14:12 kali kernel: BIOS-e820: [mem 0x00000000bfeff000-0x00000000bfefffff] ACPI NVS
Jun 28 02:14:12 kali kernel: BIOS-e820: [mem 0x00000000bff00000-0x00000000bfffffff] usable
Jun 28 02:14:12 kali kernel: BIOS-e820: [mem 0x00000000f0000000-0x00000000f7ffffff] reserved
Jun 28 02:14:12 kali kernel: BIOS-e820: [mem 0x00000000fec00000-0x00000000fec0ffff] reserved
Jun 28 02:14:12 kali kernel: BIOS-e820: [mem 0x00000000fee00000-0x00000000fee00fff] reserved
Jun 28 02:14:12 kali kernel: BIOS-e820: [mem 0x00000000fffe0000-0x00000000ffffffff] reserved
Jun 28 02:14:12 kali kernel: BIOS-e820: [mem 0x0000000100000000-0x00000001c3ffffff] usable
Jun 28 02:14:12 kali kernel: NX (Execute Disable) protection: active
Jun 28 02:14:12 kali kernel: APIC: Static calls initialized
Jun 28 02:14:12 kali kernel: SMBIOS 2.7 present.
Jun 28 02:14:12 kali kernel: DMI: VMware, Inc. VMware Virtual Platform/440BX Desktop Reference Platform, BIOS 6.00 11/12/2020
Jun 28 02:14:12 kali kernel: DMI: Memory slots populated: 3/128
Jun 28 02:14:12 kali kernel: vmware: hypercall mode: 0x01
Jun 28 02:14:12 kali kernel: Hypervisor detected: VMware
Jun 28 02:14:12 kali kernel: vmware: TSC freq read from hypervisor : 3194.000 MHz
Jun 28 02:14:12 kali kernel: vmware: Host bus clock speed read from hypervisor : 66000000 Hz
Jun 28 02:14:12 kali kernel: vmware: using clock offset of 5292012317 ns
Jun 28 02:14:12 kali kernel: tsc: Detected 3194.000 MHz processor
Jun 28 02:14:12 kali kernel: e820: update [mem 0x00000000-0x00000fff] usable ==> reserved
Jun 28 02:14:12 kali kernel: e820: remove [mem 0x000a0000-0x000fffff] usable
Jun 28 02:14:12 kali kernel: last_pfn = 0x1c4000 max_arch_pfn = 0x400000000
Jun 28 02:14:12 kali kernel: MTRR map: 8 entries (5 fixed + 3 variable; max 21), built from 8 variable MTRRs
Jun 28 02:14:12 kali kernel: x86/PAT: Configuration [0-7]: WB  WC  UC- UC  WB  WP  UC- WT  
Jun 28 02:14:12 kali kernel: e820: update [mem 0xc0000000-0xffffffff] usable ==> reserved
Jun 28 02:14:12 kali kernel: last_pfn = 0xc0000 max_arch_pfn = 0x400000000
Jun 28 02:14:12 kali kernel: found SMP MP-table at [mem 0x000f6a70-0x000f6a7f]
Jun 28 02:14:12 kali kernel: Using GB pages for direct mapping
Jun 28 02:14:12 kali kernel: RAMDISK: [mem 0x283d9000-0x301e3fff]
Jun 28 02:14:12 kali kernel: ACPI: Early table checksum verification disabled
Jun 28 02:14:12 kali kernel: ACPI: RSDP 0x00000000000F6A00 000024 (v02 PTLTD )
Jun 28 02:14:12 kali kernel: ACPI: XSDT 0x00000000BFEEA65B 00005C (v01 INTEL  440BX    06040000 VMW  01324272)
Jun 28 02:14:12 kali kernel: ACPI: FACP 0x00000000BFEFEE73 0000F4 (v04 INTEL  440BX    06040000 PTL  000F4240)
Jun 28 02:14:12 kali kernel: ACPI: DSDT 0x00000000BFEEB7E9 01368A (v01 PTLTD  Custom   06040000 MSFT 03000001)
Jun 28 02:14:12 kali kernel: ACPI: FACS 0x00000000BFEFFFC0 000040
Jun 28 02:14:12 kali kernel: ACPI: FACS 0x00000000BFEFFFC0 000040
Jun 28 02:14:12 kali kernel: ACPI: BOOT 0x00000000BFEEB7C1 000028 (v01 PTLTD  $SBFTBL$ 06040000  LTP 00000001)
Jun 28 02:14:12 kali kernel: ACPI: APIC 0x00000000BFEEB07F 000742 (v01 PTLTD  ? APIC   06040000  LTP 00000000)
Jun 28 02:14:12 kali kernel: ACPI: MCFG 0x00000000BFEEB043 00003C (v01 PTLTD  $PCITBL$ 06040000  LTP 00000001)
Jun 28 02:14:12 kali kernel: ACPI: SRAT 0x00000000BFEEA757 0008A8 (v02 VMWARE MEMPLUG  06040000 VMW  00000001)
Jun 28 02:14:12 kali kernel: ACPI: HPET 0x00000000BFEEA71F 000038 (v01 VMWARE VMW HPET 06040000 VMW  00000001)
Jun 28 02:14:12 kali kernel: ACPI: WAET 0x00000000BFEEA6F7 000028 (v01 VMWARE VMW WAET 06040000 VMW  00000001)
Jun 28 02:14:12 kali kernel: ACPI: Reserving FACP table memory at [mem 0xbfefee73-0xbfefef66]
Jun 28 02:14:12 kali kernel: ACPI: Reserving DSDT table memory at [mem 0xbfeeb7e9-0xbfefee72]
Jun 28 02:14:12 kali kernel: ACPI: Reserving FACS table memory at [mem 0xbfefffc0-0xbfefffff]
Jun 28 02:14:12 kali kernel: ACPI: Reserving FACS table memory at [mem 0xbfefffc0-0xbfefffff]
Jun 28 02:14:12 kali kernel: ACPI: Reserving BOOT table memory at [mem 0xbfeeb7c1-0xbfeeb7e8]
Jun 28 02:14:12 kali kernel: ACPI: Reserving APIC table memory at [mem 0xbfeeb07f-0xbfeeb7c0]
Jun 28 02:14:12 kali kernel: ACPI: Reserving MCFG table memory at [mem 0xbfeeb043-0xbfeeb07e]
Jun 28 02:14:12 kali kernel: ACPI: Reserving SRAT table memory at [mem 0xbfeea757-0xbfeeaffe]
Jun 28 02:14:12 kali kernel: ACPI: Reserving HPET table memory at [mem 0xbfeea71f-0xbfeea756]
Jun 28 02:14:12 kali kernel: ACPI: Reserving WAET table memory at [mem 0xbfeea6f7-0xbfeea71e]
Jun 28 02:14:12 kali kernel: ACPI: SRAT: Node 0 PXM 0 [mem 0x00000000-0x0009ffff]
Jun 28 02:14:12 kali kernel: ACPI: SRAT: Node 0 PXM 0 [mem 0x00100000-0xbfffffff]
Jun 28 02:14:12 kali kernel: ACPI: SRAT: Node 0 PXM 0 [mem 0x100000000-0x1c3ffffff]
Jun 28 02:14:12 kali kernel: NUMA: Node 0 [mem 0x00001000-0x0009ffff] + [mem 0x00100000-0xbfffffff] -> [mem 0x00001000-0xbfffffff]
Jun 28 02:14:12 kali kernel: NUMA: Node 0 [mem 0x00001000-0xbfffffff] + [mem 0x100000000-0x1c3ffffff] -> [mem 0x00001000-0x1c3ffffff]
Jun 28 02:14:12 kali kernel: NODE_DATA(0) allocated [mem 0x1c3fd5680-0x1c3ffffff]
Jun 28 02:14:12 kali kernel: Zone ranges:
Jun 28 02:14:12 kali kernel:   DMA      [mem 0x0000000000001000-0x0000000000ffffff]
Jun 28 02:14:12 kali kernel:   DMA32    [mem 0x0000000001000000-0x00000000ffffffff]
Jun 28 02:14:12 kali kernel:   Normal   [mem 0x0000000100000000-0x00000001c3ffffff]
Jun 28 02:14:12 kali kernel:   Device   empty
Jun 28 02:14:12 kali kernel: Movable zone start for each node
Jun 28 02:14:12 kali kernel: Early memory node ranges
Jun 28 02:14:12 kali kernel:   node   0: [mem 0x0000000000001000-0x000000000009dfff]
Jun 28 02:14:12 kali kernel:   node   0: [mem 0x0000000000100000-0x00000000bfedffff]
Jun 28 02:14:12 kali kernel:   node   0: [mem 0x00000000bff00000-0x00000000bfffffff]
Jun 28 02:14:12 kali kernel:   node   0: [mem 0x0000000100000000-0x00000001c3ffffff]
Jun 28 02:14:12 kali kernel: Initmem setup node 0 [mem 0x0000000000001000-0x00000001c3ffffff]
Jun 28 02:14:12 kali kernel: On node 0, zone DMA: 1 pages in unavailable ranges
Jun 28 02:14:12 kali kernel: On node 0, zone DMA: 98 pages in unavailable ranges
Jun 28 02:14:12 kali kernel: On node 0, zone DMA32: 32 pages in unavailable ranges
Jun 28 02:14:12 kali kernel: On node 0, zone Normal: 16384 pages in unavailable ranges
Jun 28 02:14:12 kali kernel: ACPI: PM-Timer IO Port: 0x1008
Jun 28 02:14:12 kali kernel: ACPI: LAPIC_NMI (acpi_id[0x00] high edge lint[0x1])
Jun 28 02:14:12 kali kernel: ACPI: LAPIC_NMI (acpi_id[0x01] high edge lint[0x1])
Jun 28 02:14:12 kali kernel: ACPI: LAPIC_NMI (acpi_id[0x02] high edge lint[0x1])
Jun 28 02:14:12 kali kernel: ACPI: LAPIC_NMI (acpi_id[0x03] high edge lint[0x1])
Jun 28 02:14:12 kali kernel: ACPI: LAPIC_NMI (acpi_id[0x04] high edge lint[0x1])
Jun 28 02:14:12 kali kernel: ACPI: LAPIC_NMI (acpi_id[0x05] high edge lint[0x1])
Jun 28 02:14:12 kali kernel: ACPI: LAPIC_NMI (acpi_id[0x06] high edge lint[0x1])
Jun 28 02:14:12 kali kernel: ACPI: LAPIC_NMI (acpi_id[0x07] high edge lint[0x1])
Jun 28 02:14:12 kali kernel: ACPI: LAPIC_NMI (acpi_id[0x08] high edge lint[0x1])
Jun 28 02:14:12 kali kernel: ACPI: LAPIC_NMI (acpi_id[0x09] high edge lint[0x1])
Jun 28 02:14:12 kali kernel: ACPI: LAPIC_NMI (acpi_id[0x0a] high edge lint[0x1])
Jun 28 02:14:12 kali kernel: ACPI: LAPIC_NMI (acpi_id[0x0b] high edge lint[0x1])
Jun 28 02:14:12 kali kernel: ACPI: LAPIC_NMI (acpi_id[0x0c] high edge lint[0x1])
Jun 28 02:14:12 kali kernel: ACPI: LAPIC_NMI (acpi_id[0x0d] high edge lint[0x1])
Jun 28 02:14:12 kali kernel: ACPI: LAPIC_NMI (acpi_id[0x0e] high edge lint[0x1])
Jun 28 02:14:12 kali kernel: ACPI: LAPIC_NMI (acpi_id[0x0f] high edge lint[0x1])
Jun 28 02:14:12 kali kernel: ACPI: LAPIC_NMI (acpi_id[0x10] high edge lint[0x1])
Jun 28 02:14:12 kali kernel: ACPI: LAPIC_NMI (acpi_id[0x11] high edge lint[0x1])
Jun 28 02:14:12 kali kernel: ACPI: LAPIC_NMI (acpi_id[0x12] high edge lint[0x1])
Jun 28 02:14:12 kali kernel: ACPI: LAPIC_NMI (acpi_id[0x13] high edge lint[0x1])
Jun 28 02:14:12 kali kernel: ACPI: LAPIC_NMI (acpi_id[0x14] high edge lint[0x1])
Jun 28 02:14:12 kali kernel: ACPI: LAPIC_NMI (acpi_id[0x15] high edge lint[0x1])
Jun 28 02:14:12 kali kernel: ACPI: LAPIC_NMI (acpi_id[0x16] high edge lint[0x1])
Jun 28 02:14:12 kali kernel: ACPI: LAPIC_NMI (acpi_id[0x17] high edge lint[0x1])
Jun 28 02:14:12 kali kernel: ACPI: LAPIC_NMI (acpi_id[0x18] high edge lint[0x1])
Jun 28 02:14:12 kali kernel: ACPI: LAPIC_NMI (acpi_id[0x19] high edge lint[0x1])
Jun 28 02:14:12 kali kernel: ACPI: LAPIC_NMI (acpi_id[0x1a] high edge lint[0x1])
Jun 28 02:14:12 kali kernel: ACPI: LAPIC_NMI (acpi_id[0x1b] high edge lint[0x1])
Jun 28 02:14:12 kali kernel: ACPI: LAPIC_NMI (acpi_id[0x1c] high edge lint[0x1])
Jun 28 02:14:12 kali kernel: ACPI: LAPIC_NMI (acpi_id[0x1d] high edge lint[0x1])
Jun 28 02:14:12 kali kernel: ACPI: LAPIC_NMI (acpi_id[0x1e] high edge lint[0x1])
Jun 28 02:14:12 kali kernel: ACPI: LAPIC_NMI (acpi_id[0x1f] high edge lint[0x1])
Jun 28 02:14:12 kali kernel: ACPI: LAPIC_NMI (acpi_id[0x20] high edge lint[0x1])
Jun 28 02:14:12 kali kernel: ACPI: LAPIC_NMI (acpi_id[0x21] high edge lint[0x1])
Jun 28 02:14:12 kali kernel: ACPI: LAPIC_NMI (acpi_id[0x22] high edge lint[0x1])
Jun 28 02:14:12 kali kernel: ACPI: LAPIC_NMI (acpi_id[0x23] high edge lint[0x1])
Jun 28 02:14:12 kali kernel: ACPI: LAPIC_NMI (acpi_id[0x24] high edge lint[0x1])
Jun 28 02:14:12 kali kernel: ACPI: LAPIC_NMI (acpi_id[0x25] high edge lint[0x1])
Jun 28 02:14:12 kali kernel: ACPI: LAPIC_NMI (acpi_id[0x26] high edge lint[0x1])
Jun 28 02:14:12 kali kernel: ACPI: LAPIC_NMI (acpi_id[0x27] high edge lint[0x1])
Jun 28 02:14:12 kali kernel: ACPI: LAPIC_NMI (acpi_id[0x28] high edge lint[0x1])
Jun 28 02:14:12 kali kernel: ACPI: LAPIC_NMI (acpi_id[0x29] high edge lint[0x1])
Jun 28 02:14:12 kali kernel: ACPI: LAPIC_NMI (acpi_id[0x2a] high edge lint[0x1])
Jun 28 02:14:12 kali kernel: ACPI: LAPIC_NMI (acpi_id[0x2b] high edge lint[0x1])
Jun 28 02:14:12 kali kernel: ACPI: LAPIC_NMI (acpi_id[0x2c] high edge lint[0x1])
Jun 28 02:14:12 kali kernel: ACPI: LAPIC_NMI (acpi_id[0x2d] high edge lint[0x1])
Jun 28 02:14:12 kali kernel: ACPI: LAPIC_NMI (acpi_id[0x2e] high edge lint[0x1])
Jun 28 02:14:12 kali kernel: ACPI: LAPIC_NMI (acpi_id[0x2f] high edge lint[0x1])
Jun 28 02:14:12 kali kernel: ACPI: LAPIC_NMI (acpi_id[0x30] high edge lint[0x1])
Jun 28 02:14:12 kali kernel: ACPI: LAPIC_NMI (acpi_id[0x31] high edge lint[0x1])
Jun 28 02:14:12 kali kernel: ACPI: LAPIC_NMI (acpi_id[0x32] high edge lint[0x1])
Jun 28 02:14:12 kali kernel: ACPI: LAPIC_NMI (acpi_id[0x33] high edge lint[0x1])
Jun 28 02:14:12 kali kernel: ACPI: LAPIC_NMI (acpi_id[0x34] high edge lint[0x1])
Jun 28 02:14:12 kali kernel: ACPI: LAPIC_NMI (acpi_id[0x35] high edge lint[0x1])
Jun 28 02:14:12 kali kernel: ACPI: LAPIC_NMI (acpi_id[0x36] high edge lint[0x1])
Jun 28 02:14:12 kali kernel: ACPI: LAPIC_NMI (acpi_id[0x37] high edge lint[0x1])
Jun 28 02:14:12 kali kernel: ACPI: LAPIC_NMI (acpi_id[0x38] high edge lint[0x1])
Jun 28 02:14:12 kali kernel: ACPI: LAPIC_NMI (acpi_id[0x39] high edge lint[0x1])
Jun 28 02:14:12 kali kernel: ACPI: LAPIC_NMI (acpi_id[0x3a] high edge lint[0x1])
Jun 28 02:14:12 kali kernel: ACPI: LAPIC_NMI (acpi_id[0x3b] high edge lint[0x1])
Jun 28 02:14:12 kali kernel: ACPI: LAPIC_NMI (acpi_id[0x3c] high edge lint[0x1])
Jun 28 02:14:12 kali kernel: ACPI: LAPIC_NMI (acpi_id[0x3d] high edge lint[0x1])
Jun 28 02:14:12 kali kernel: ACPI: LAPIC_NMI (acpi_id[0x3e] high edge lint[0x1])
Jun 28 02:14:12 kali kernel: ACPI: LAPIC_NMI (acpi_id[0x3f] high edge lint[0x1])
Jun 28 02:14:12 kali kernel: ACPI: LAPIC_NMI (acpi_id[0x40] high edge lint[0x1])
Jun 28 02:14:12 kali kernel: ACPI: LAPIC_NMI (acpi_id[0x41] high edge lint[0x1])
Jun 28 02:14:12 kali kernel: ACPI: LAPIC_NMI (acpi_id[0x42] high edge lint[0x1])
Jun 28 02:14:12 kali kernel: ACPI: LAPIC_NMI (acpi_id[0x43] high edge lint[0x1])
Jun 28 02:14:12 kali kernel: ACPI: LAPIC_NMI (acpi_id[0x44] high edge lint[0x1])
Jun 28 02:14:12 kali kernel: ACPI: LAPIC_NMI (acpi_id[0x45] high edge lint[0x1])
Jun 28 02:14:12 kali kernel: ACPI: LAPIC_NMI (acpi_id[0x46] high edge lint[0x1])
Jun 28 02:14:12 kali kernel: ACPI: LAPIC_NMI (acpi_id[0x47] high edge lint[0x1])
Jun 28 02:14:12 kali kernel: ACPI: LAPIC_NMI (acpi_id[0x48] high edge lint[0x1])
Jun 28 02:14:12 kali kernel: ACPI: LAPIC_NMI (acpi_id[0x49] high edge lint[0x1])
Jun 28 02:14:12 kali kernel: ACPI: LAPIC_NMI (acpi_id[0x4a] high edge lint[0x1])
Jun 28 02:14:12 kali kernel: ACPI: LAPIC_NMI (acpi_id[0x4b] high edge lint[0x1])
Jun 28 02:14:12 kali kernel: ACPI: LAPIC_NMI (acpi_id[0x4c] high edge lint[0x1])
Jun 28 02:14:12 kali kernel: ACPI: LAPIC_NMI (acpi_id[0x4d] high edge lint[0x1])
Jun 28 02:14:12 kali kernel: ACPI: LAPIC_NMI (acpi_id[0x4e] high edge lint[0x1])
Jun 28 02:14:12 kali kernel: ACPI: LAPIC_NMI (acpi_id[0x4f] high edge lint[0x1])
Jun 28 02:14:12 kali kernel: ACPI: LAPIC_NMI (acpi_id[0x50] high edge lint[0x1])
Jun 28 02:14:12 kali kernel: ACPI: LAPIC_NMI (acpi_id[0x51] high edge lint[0x1])
Jun 28 02:14:12 kali kernel: ACPI: LAPIC_NMI (acpi_id[0x52] high edge lint[0x1])
Jun 28 02:14:12 kali kernel: ACPI: LAPIC_NMI (acpi_id[0x53] high edge lint[0x1])
Jun 28 02:14:12 kali kernel: ACPI: LAPIC_NMI (acpi_id[0x54] high edge lint[0x1])
Jun 28 02:14:12 kali kernel: ACPI: LAPIC_NMI (acpi_id[0x55] high edge lint[0x1])
Jun 28 02:14:12 kali kernel: ACPI: LAPIC_NMI (acpi_id[0x56] high edge lint[0x1])
Jun 28 02:14:12 kali kernel: ACPI: LAPIC_NMI (acpi_id[0x57] high edge lint[0x1])
Jun 28 02:14:12 kali kernel: ACPI: LAPIC_NMI (acpi_id[0x58] high edge lint[0x1])
Jun 28 02:14:12 kali kernel: ACPI: LAPIC_NMI (acpi_id[0x59] high edge lint[0x1])
Jun 28 02:14:12 kali kernel: ACPI: LAPIC_NMI (acpi_id[0x5a] high edge lint[0x1])
Jun 28 02:14:12 kali kernel: ACPI: LAPIC_NMI (acpi_id[0x5b] high edge lint[0x1])
Jun 28 02:14:12 kali kernel: ACPI: LAPIC_NMI (acpi_id[0x5c] high edge lint[0x1])
Jun 28 02:14:12 kali kernel: ACPI: LAPIC_NMI (acpi_id[0x5d] high edge lint[0x1])
Jun 28 02:14:12 kali kernel: ACPI: LAPIC_NMI (acpi_id[0x5e] high edge lint[0x1])
Jun 28 02:14:12 kali kernel: ACPI: LAPIC_NMI (acpi_id[0x5f] high edge lint[0x1])
Jun 28 02:14:12 kali kernel: ACPI: LAPIC_NMI (acpi_id[0x60] high edge lint[0x1])
Jun 28 02:14:12 kali kernel: ACPI: LAPIC_NMI (acpi_id[0x61] high edge lint[0x1])
Jun 28 02:14:12 kali kernel: ACPI: LAPIC_NMI (acpi_id[0x62] high edge lint[0x1])
Jun 28 02:14:12 kali kernel: ACPI: LAPIC_NMI (acpi_id[0x63] high edge lint[0x1])
Jun 28 02:14:12 kali kernel: ACPI: LAPIC_NMI (acpi_id[0x64] high edge lint[0x1])
Jun 28 02:14:12 kali kernel: ACPI: LAPIC_NMI (acpi_id[0x65] high edge lint[0x1])
Jun 28 02:14:12 kali kernel: ACPI: LAPIC_NMI (acpi_id[0x66] high edge lint[0x1])
Jun 28 02:14:12 kali kernel: ACPI: LAPIC_NMI (acpi_id[0x67] high edge lint[0x1])
Jun 28 02:14:12 kali kernel: ACPI: LAPIC_NMI (acpi_id[0x68] high edge lint[0x1])
Jun 28 02:14:12 kali kernel: ACPI: LAPIC_NMI (acpi_id[0x69] high edge lint[0x1])
Jun 28 02:14:12 kali kernel: ACPI: LAPIC_NMI (acpi_id[0x6a] high edge lint[0x1])
Jun 28 02:14:12 kali kernel: ACPI: LAPIC_NMI (acpi_id[0x6b] high edge lint[0x1])
Jun 28 02:14:12 kali kernel: ACPI: LAPIC_NMI (acpi_id[0x6c] high edge lint[0x1])
Jun 28 02:14:12 kali kernel: ACPI: LAPIC_NMI (acpi_id[0x6d] high edge lint[0x1])
Jun 28 02:14:12 kali kernel: ACPI: LAPIC_NMI (acpi_id[0x6e] high edge lint[0x1])
Jun 28 02:14:12 kali kernel: ACPI: LAPIC_NMI (acpi_id[0x6f] high edge lint[0x1])
Jun 28 02:14:12 kali kernel: ACPI: LAPIC_NMI (acpi_id[0x70] high edge lint[0x1])
Jun 28 02:14:12 kali kernel: ACPI: LAPIC_NMI (acpi_id[0x71] high edge lint[0x1])
Jun 28 02:14:12 kali kernel: ACPI: LAPIC_NMI (acpi_id[0x72] high edge lint[0x1])
Jun 28 02:14:12 kali kernel: ACPI: LAPIC_NMI (acpi_id[0x73] high edge lint[0x1])
Jun 28 02:14:12 kali kernel: ACPI: LAPIC_NMI (acpi_id[0x74] high edge lint[0x1])
Jun 28 02:14:12 kali kernel: ACPI: LAPIC_NMI (acpi_id[0x75] high edge lint[0x1])
Jun 28 02:14:12 kali kernel: ACPI: LAPIC_NMI (acpi_id[0x76] high edge lint[0x1])
Jun 28 02:14:12 kali kernel: ACPI: LAPIC_NMI (acpi_id[0x77] high edge lint[0x1])
Jun 28 02:14:12 kali kernel: ACPI: LAPIC_NMI (acpi_id[0x78] high edge lint[0x1])
Jun 28 02:14:12 kali kernel: ACPI: LAPIC_NMI (acpi_id[0x79] high edge lint[0x1])
Jun 28 02:14:12 kali kernel: ACPI: LAPIC_NMI (acpi_id[0x7a] high edge lint[0x1])
Jun 28 02:14:12 kali kernel: ACPI: LAPIC_NMI (acpi_id[0x7b] high edge lint[0x1])
Jun 28 02:14:12 kali kernel: ACPI: LAPIC_NMI (acpi_id[0x7c] high edge lint[0x1])
Jun 28 02:14:12 kali kernel: ACPI: LAPIC_NMI (acpi_id[0x7d] high edge lint[0x1])
Jun 28 02:14:12 kali kernel: ACPI: LAPIC_NMI (acpi_id[0x7e] high edge lint[0x1])
Jun 28 02:14:12 kali kernel: ACPI: LAPIC_NMI (acpi_id[0x7f] high edge lint[0x1])
Jun 28 02:14:12 kali kernel: IOAPIC[0]: apic_id 128, version 32, address 0xfec00000, GSI 0-23
Jun 28 02:14:12 kali kernel: ACPI: INT_SRC_OVR (bus 0 bus_irq 0 global_irq 2 high edge)
Jun 28 02:14:12 kali kernel: ACPI: Using ACPI (MADT) for SMP configuration information
Jun 28 02:14:12 kali kernel: ACPI: HPET id: 0x8086af01 base: 0xfed00000
Jun 28 02:14:12 kali kernel: CPU topo: Max. logical packages:  64
Jun 28 02:14:12 kali kernel: CPU topo: Max. logical dies:      64
Jun 28 02:14:12 kali kernel: CPU topo: Max. dies per package:   1
Jun 28 02:14:12 kali kernel: CPU topo: Max. threads per core:   1
Jun 28 02:14:12 kali kernel: CPU topo: Num. cores per package:     2
Jun 28 02:14:12 kali kernel: CPU topo: Num. threads per package:   2
Jun 28 02:14:12 kali kernel: CPU topo: Allowing 4 present CPUs plus 124 hotplug CPUs
Jun 28 02:14:12 kali kernel: PM: hibernation: Registered nosave memory: [mem 0x00000000-0x00000fff]
Jun 28 02:14:12 kali kernel: PM: hibernation: Registered nosave memory: [mem 0x0009e000-0x0009efff]
Jun 28 02:14:12 kali kernel: PM: hibernation: Registered nosave memory: [mem 0x0009f000-0x0009ffff]
Jun 28 02:14:12 kali kernel: PM: hibernation: Registered nosave memory: [mem 0x000a0000-0x000dbfff]
Jun 28 02:14:12 kali kernel: PM: hibernation: Registered nosave memory: [mem 0x000dc000-0x000fffff]
Jun 28 02:14:12 kali kernel: PM: hibernation: Registered nosave memory: [mem 0xbfee0000-0xbfefefff]
Jun 28 02:14:12 kali kernel: PM: hibernation: Registered nosave memory: [mem 0xbfeff000-0xbfefffff]
Jun 28 02:14:12 kali kernel: PM: hibernation: Registered nosave memory: [mem 0xc0000000-0xefffffff]
Jun 28 02:14:12 kali kernel: PM: hibernation: Registered nosave memory: [mem 0xf0000000-0xf7ffffff]
Jun 28 02:14:12 kali kernel: PM: hibernation: Registered nosave memory: [mem 0xf8000000-0xfebfffff]
Jun 28 02:14:12 kali kernel: PM: hibernation: Registered nosave memory: [mem 0xfec00000-0xfec0ffff]
Jun 28 02:14:12 kali kernel: PM: hibernation: Registered nosave memory: [mem 0xfec10000-0xfedfffff]
Jun 28 02:14:12 kali kernel: PM: hibernation: Registered nosave memory: [mem 0xfee00000-0xfee00fff]
Jun 28 02:14:12 kali kernel: PM: hibernation: Registered nosave memory: [mem 0xfee01000-0xfffdffff]
Jun 28 02:14:12 kali kernel: PM: hibernation: Registered nosave memory: [mem 0xfffe0000-0xffffffff]
Jun 28 02:14:12 kali kernel: [mem 0xc0000000-0xefffffff] available for PCI devices
Jun 28 02:14:12 kali kernel: Booting paravirtualized kernel on VMware hypervisor
Jun 28 02:14:12 kali kernel: clocksource: refined-jiffies: mask: 0xffffffff max_cycles: 0xffffffff, max_idle_ns: 7645519600211568 ns
Jun 28 02:14:12 kali kernel: setup_percpu: NR_CPUS:8192 nr_cpumask_bits:128 nr_cpu_ids:128 nr_node_ids:1
Jun 28 02:14:12 kali kernel: percpu: Embedded 66 pages/cpu s233472 r8192 d28672 u524288
Jun 28 02:14:12 kali kernel: pcpu-alloc: s233472 r8192 d28672 u524288 alloc=1*2097152
Jun 28 02:14:12 kali kernel: pcpu-alloc: [0] 000 001 002 003 [0] 004 005 006 007 
Jun 28 02:14:12 kali kernel: pcpu-alloc: [0] 008 009 010 011 [0] 012 013 014 015 
Jun 28 02:14:12 kali kernel: pcpu-alloc: [0] 016 017 018 019 [0] 020 021 022 023 
Jun 28 02:14:12 kali kernel: pcpu-alloc: [0] 024 025 026 027 [0] 028 029 030 031 
Jun 28 02:14:12 kali kernel: pcpu-alloc: [0] 032 033 034 035 [0] 036 037 038 039 
Jun 28 02:14:12 kali kernel: pcpu-alloc: [0] 040 041 042 043 [0] 044 045 046 047 
Jun 28 02:14:12 kali kernel: pcpu-alloc: [0] 048 049 050 051 [0] 052 053 054 055 
Jun 28 02:14:12 kali kernel: pcpu-alloc: [0] 056 057 058 059 [0] 060 061 062 063 
Jun 28 02:14:12 kali kernel: pcpu-alloc: [0] 064 065 066 067 [0] 068 069 070 071 
Jun 28 02:14:12 kali kernel: pcpu-alloc: [0] 072 073 074 075 [0] 076 077 078 079 
Jun 28 02:14:12 kali kernel: pcpu-alloc: [0] 080 081 082 083 [0] 084 085 086 087 
Jun 28 02:14:12 kali kernel: pcpu-alloc: [0] 088 089 090 091 [0] 092 093 094 095 
Jun 28 02:14:12 kali kernel: pcpu-alloc: [0] 096 097 098 099 [0] 100 101 102 103 
Jun 28 02:14:12 kali kernel: pcpu-alloc: [0] 104 105 106 107 [0] 108 109 110 111 
Jun 28 02:14:12 kali kernel: pcpu-alloc: [0] 112 113 114 115 [0] 116 117 118 119 
Jun 28 02:14:12 kali kernel: pcpu-alloc: [0] 120 121 122 123 [0] 124 125 126 127 
Jun 28 02:14:12 kali kernel: Kernel command line: BOOT_IMAGE=/boot/vmlinuz-6.12.13-amd64 root=UUID=e8382397-fa61-492b-8ca9-b16662037a13 ro quiet splash
Jun 28 02:14:12 kali kernel: Unknown kernel command line parameters "splash BOOT_IMAGE=/boot/vmlinuz-6.12.13-amd64", will be passed to user space.
Jun 28 02:14:12 kali kernel: random: crng init done
Jun 28 02:14:12 kali kernel: printk: log_buf_len individual max cpu contribution: 4096 bytes
Jun 28 02:14:12 kali kernel: printk: log_buf_len total cpu_extra contributions: 520192 bytes
Jun 28 02:14:12 kali kernel: printk: log_buf_len min size: 131072 bytes
Jun 28 02:14:12 kali kernel: printk: log_buf_len: 1048576 bytes
Jun 28 02:14:12 kali kernel: printk: early log buf free: 113392(86%)
Jun 28 02:14:12 kali kernel: Dentry cache hash table entries: 1048576 (order: 11, 8388608 bytes, linear)
Jun 28 02:14:12 kali kernel: Inode-cache hash table entries: 524288 (order: 10, 4194304 bytes, linear)
Jun 28 02:14:12 kali kernel: Fallback order for Node 0: 0 
Jun 28 02:14:12 kali kernel: Built 1 zonelists, mobility grouping on.  Total pages: 1589117
Jun 28 02:14:12 kali kernel: Policy zone: Normal
Jun 28 02:14:12 kali kernel: mem auto-init: stack:all(zero), heap alloc:on, heap free:off
Jun 28 02:14:12 kali kernel: software IO TLB: area num 128.
Jun 28 02:14:12 kali kernel: SLUB: HWalign=64, Order=0-3, MinObjects=0, CPUs=128, Nodes=1
Jun 28 02:14:12 kali kernel: ftrace: allocating 45593 entries in 179 pages
Jun 28 02:14:12 kali kernel: ftrace: allocated 179 pages with 5 groups
Jun 28 02:14:12 kali kernel: Dynamic Preempt: voluntary
Jun 28 02:14:12 kali kernel: rcu: Preemptible hierarchical RCU implementation.
Jun 28 02:14:12 kali kernel: rcu:         RCU restricting CPUs from NR_CPUS=8192 to nr_cpu_ids=128.
Jun 28 02:14:12 kali kernel:         Trampoline variant of Tasks RCU enabled.
Jun 28 02:14:12 kali kernel:         Rude variant of Tasks RCU enabled.
Jun 28 02:14:12 kali kernel:         Tracing variant of Tasks RCU enabled.
Jun 28 02:14:12 kali kernel: rcu: RCU calculated value of scheduler-enlistment delay is 25 jiffies.
Jun 28 02:14:12 kali kernel: rcu: Adjusting geometry for rcu_fanout_leaf=16, nr_cpu_ids=128
Jun 28 02:14:12 kali kernel: RCU Tasks: Setting shift to 7 and lim to 1 rcu_task_cb_adjust=1 rcu_task_cpu_ids=128.
Jun 28 02:14:12 kali kernel: RCU Tasks Rude: Setting shift to 7 and lim to 1 rcu_task_cb_adjust=1 rcu_task_cpu_ids=128.
Jun 28 02:14:12 kali kernel: RCU Tasks Trace: Setting shift to 7 and lim to 1 rcu_task_cb_adjust=1 rcu_task_cpu_ids=128.
Jun 28 02:14:12 kali kernel: NR_IRQS: 524544, nr_irqs: 1448, preallocated irqs: 16
Jun 28 02:14:12 kali kernel: rcu: srcu_init: Setting srcu_struct sizes to big.
Jun 28 02:14:12 kali kernel: Console: colour VGA+ 80x25
Jun 28 02:14:12 kali kernel: printk: legacy console [tty0] enabled
Jun 28 02:14:12 kali kernel: ACPI: Core revision 20240827
Jun 28 02:14:12 kali kernel: clocksource: hpet: mask: 0xffffffff max_cycles: 0xffffffff, max_idle_ns: 133484882848 ns
Jun 28 02:14:12 kali kernel: APIC: Switch to symmetric I/O mode setup
Jun 28 02:14:12 kali kernel: x2apic enabled
Jun 28 02:14:12 kali kernel: APIC: Switched APIC routing to: physical x2apic
Jun 28 02:14:12 kali kernel: ..TIMER: vector=0x30 apic1=0 pin1=2 apic2=-1 pin2=-1
Jun 28 02:14:12 kali kernel: clocksource: tsc-early: mask: 0xffffffffffffffff max_cycles: 0x2e0a25d85ab, max_idle_ns: 440795234405 ns
Jun 28 02:14:12 kali kernel: Calibrating delay loop (skipped) preset value.. 6388.00 BogoMIPS (lpj=12776000)
Jun 28 02:14:12 kali kernel: x86/cpu: User Mode Instruction Prevention (UMIP) activated
Jun 28 02:14:12 kali kernel: LVT offset 2 assigned for vector 0xf4
Jun 28 02:14:12 kali kernel: Last level iTLB entries: 4KB 512, 2MB 512, 4MB 256
Jun 28 02:14:12 kali kernel: Last level dTLB entries: 4KB 2048, 2MB 2048, 4MB 1024, 1GB 0
Jun 28 02:14:12 kali kernel: Spectre V1 : Mitigation: usercopy/swapgs barriers and __user pointer sanitization
Jun 28 02:14:12 kali kernel: Spectre V2 : Mitigation: Retpolines
Jun 28 02:14:12 kali kernel: Spectre V2 : Spectre v2 / SpectreRSB mitigation: Filling RSB on context switch
Jun 28 02:14:12 kali kernel: Spectre V2 : Spectre v2 / SpectreRSB : Filling RSB on VMEXIT
Jun 28 02:14:12 kali kernel: Spectre V2 : Enabling Restricted Speculation for firmware calls
Jun 28 02:14:12 kali kernel: Spectre V2 : mitigation: Enabling conditional Indirect Branch Prediction Barrier
Jun 28 02:14:12 kali kernel: Speculative Store Bypass: Mitigation: Speculative Store Bypass disabled via prctl
Jun 28 02:14:12 kali kernel: Speculative Return Stack Overflow: IBPB-extending microcode not applied!
Jun 28 02:14:12 kali kernel: Speculative Return Stack Overflow: WARNING: See https://kernel.org/doc/html/latest/admin-guide/hw-vuln/srso.html for mitigation options.
Jun 28 02:14:12 kali kernel: Speculative Return Stack Overflow: Vulnerable: Safe RET, no microcode
Jun 28 02:14:12 kali kernel: x86/fpu: Supporting XSAVE feature 0x001: 'x87 floating point registers'
Jun 28 02:14:12 kali kernel: x86/fpu: Supporting XSAVE feature 0x002: 'SSE registers'
Jun 28 02:14:12 kali kernel: x86/fpu: Supporting XSAVE feature 0x004: 'AVX registers'
Jun 28 02:14:12 kali kernel: x86/fpu: Supporting XSAVE feature 0x200: 'Protection Keys User registers'
Jun 28 02:14:12 kali kernel: x86/fpu: Supporting XSAVE feature 0x800: 'Control-flow User registers'
Jun 28 02:14:12 kali kernel: x86/fpu: xstate_offset[2]:  576, xstate_sizes[2]:  256
Jun 28 02:14:12 kali kernel: x86/fpu: xstate_offset[9]:  832, xstate_sizes[9]:    8
Jun 28 02:14:12 kali kernel: x86/fpu: xstate_offset[11]:  840, xstate_sizes[11]:   16
Jun 28 02:14:12 kali kernel: x86/fpu: Enabled xstate features 0xa07, context size is 856 bytes, using 'compacted' format.
Jun 28 02:14:12 kali kernel: Freeing SMP alternatives memory: 40K
Jun 28 02:14:12 kali kernel: pid_max: default: 131072 minimum: 1024
Jun 28 02:14:12 kali kernel: LSM: initializing lsm=lockdown,capability,landlock,yama,apparmor,tomoyo,bpf,ipe,ima,evm
Jun 28 02:14:12 kali kernel: landlock: Up and running.
Jun 28 02:14:12 kali kernel: Yama: disabled by default; enable with sysctl kernel.yama.*
Jun 28 02:14:12 kali kernel: AppArmor: AppArmor initialized
Jun 28 02:14:12 kali kernel: TOMOYO Linux initialized
Jun 28 02:14:12 kali kernel: LSM support for eBPF active
Jun 28 02:14:12 kali kernel: Mount-cache hash table entries: 16384 (order: 5, 131072 bytes, linear)
Jun 28 02:14:12 kali kernel: Mountpoint-cache hash table entries: 16384 (order: 5, 131072 bytes, linear)
Jun 28 02:14:12 kali kernel: smpboot: CPU0: AMD Ryzen 7 6800H with Radeon Graphics (family: 0x19, model: 0x44, stepping: 0x1)
Jun 28 02:14:12 kali kernel: Performance Events: AMD PMU driver.
Jun 28 02:14:12 kali kernel: ... version:                0
Jun 28 02:14:12 kali kernel: ... bit width:              48
Jun 28 02:14:12 kali kernel: ... generic registers:      4
Jun 28 02:14:12 kali kernel: ... value mask:             0000ffffffffffff
Jun 28 02:14:12 kali kernel: ... max period:             00007fffffffffff
Jun 28 02:14:12 kali kernel: ... fixed-purpose events:   0
Jun 28 02:14:12 kali kernel: ... event mask:             000000000000000f
Jun 28 02:14:12 kali kernel: signal: max sigframe size: 3376
Jun 28 02:14:12 kali kernel: rcu: Hierarchical SRCU implementation.
Jun 28 02:14:12 kali kernel: rcu:         Max phase no-delay instances is 1000.
Jun 28 02:14:12 kali kernel: Timer migration: 3 hierarchy levels; 8 children per group; 3 crossnode level
Jun 28 02:14:12 kali kernel: NMI watchdog: Enabled. Permanently consumes one hw-PMU counter.
Jun 28 02:14:12 kali kernel: smp: Bringing up secondary CPUs ...
Jun 28 02:14:12 kali kernel: smpboot: x86: Booting SMP configuration:
Jun 28 02:14:12 kali kernel: .... node  #0, CPUs:          #1   #2   #3
Jun 28 02:14:12 kali kernel: smp: Brought up 1 node, 4 CPUs
Jun 28 02:14:12 kali kernel: smpboot: Total of 4 processors activated (25552.00 BogoMIPS)
Jun 28 02:14:12 kali kernel: node 0 deferred pages initialised in 8ms
Jun 28 02:14:12 kali kernel: Memory: 5952168K/6356468K available (16384K kernel code, 2484K rwdata, 11752K rodata, 4136K init, 4976K bss, 393352K reserved, 0K cma-reserved)
Jun 28 02:14:12 kali kernel: devtmpfs: initialized
Jun 28 02:14:12 kali kernel: x86/mm: Memory block size: 128MB
Jun 28 02:14:12 kali kernel: ACPI: PM: Registering ACPI NVS region [mem 0xbfeff000-0xbfefffff] (4096 bytes)
Jun 28 02:14:12 kali kernel: clocksource: jiffies: mask: 0xffffffff max_cycles: 0xffffffff, max_idle_ns: 7645041785100000 ns
Jun 28 02:14:12 kali kernel: futex hash table entries: 32768 (order: 9, 2097152 bytes, linear)
Jun 28 02:14:12 kali kernel: pinctrl core: initialized pinctrl subsystem
Jun 28 02:14:12 kali kernel: NET: Registered PF_NETLINK/PF_ROUTE protocol family
Jun 28 02:14:12 kali kernel: DMA: preallocated 1024 KiB GFP_KERNEL pool for atomic allocations
Jun 28 02:14:12 kali kernel: DMA: preallocated 1024 KiB GFP_KERNEL|GFP_DMA pool for atomic allocations
Jun 28 02:14:12 kali kernel: DMA: preallocated 1024 KiB GFP_KERNEL|GFP_DMA32 pool for atomic allocations
Jun 28 02:14:12 kali kernel: audit: initializing netlink subsys (disabled)
Jun 28 02:14:12 kali kernel: audit: type=2000 audit(1751091220.056:1): state=initialized audit_enabled=0 res=1
Jun 28 02:14:12 kali kernel: thermal_sys: Registered thermal governor 'fair_share'
Jun 28 02:14:12 kali kernel: thermal_sys: Registered thermal governor 'bang_bang'
Jun 28 02:14:12 kali kernel: thermal_sys: Registered thermal governor 'step_wise'
Jun 28 02:14:12 kali kernel: thermal_sys: Registered thermal governor 'user_space'
Jun 28 02:14:12 kali kernel: thermal_sys: Registered thermal governor 'power_allocator'
Jun 28 02:14:12 kali kernel: cpuidle: using governor ladder
Jun 28 02:14:12 kali kernel: cpuidle: using governor menu
Jun 28 02:14:12 kali kernel: Simple Boot Flag at 0x36 set to 0x80
Jun 28 02:14:12 kali kernel: acpiphp: ACPI Hot Plug PCI Controller Driver version: 0.5
Jun 28 02:14:12 kali kernel: PCI: ECAM [mem 0xf0000000-0xf7ffffff] (base 0xf0000000) for domain 0000 [bus 00-7f]
Jun 28 02:14:12 kali kernel: PCI: Using configuration type 1 for base access
Jun 28 02:14:12 kali kernel: kprobes: kprobe jump-optimization is enabled. All kprobes are optimized if possible.
Jun 28 02:14:12 kali kernel: HugeTLB: registered 1.00 GiB page size, pre-allocated 0 pages
Jun 28 02:14:12 kali kernel: HugeTLB: 16380 KiB vmemmap can be freed for a 1.00 GiB page
Jun 28 02:14:12 kali kernel: HugeTLB: registered 2.00 MiB page size, pre-allocated 0 pages
Jun 28 02:14:12 kali kernel: HugeTLB: 28 KiB vmemmap can be freed for a 2.00 MiB page
Jun 28 02:14:12 kali kernel: ACPI: Added _OSI(Module Device)
Jun 28 02:14:12 kali kernel: ACPI: Added _OSI(Processor Device)
Jun 28 02:14:12 kali kernel: ACPI: Added _OSI(3.0 _SCP Extensions)
Jun 28 02:14:12 kali kernel: ACPI: Added _OSI(Processor Aggregator Device)
Jun 28 02:14:12 kali kernel: ACPI: 1 ACPI AML tables successfully acquired and loaded
Jun 28 02:14:12 kali kernel: ACPI: [Firmware Bug]: BIOS _OSI(Linux) query ignored
Jun 28 02:14:12 kali kernel: ACPI: Interpreter enabled
Jun 28 02:14:12 kali kernel: ACPI: PM: (supports S0 S1 S4 S5)
Jun 28 02:14:12 kali kernel: ACPI: Using IOAPIC for interrupt routing
Jun 28 02:14:12 kali kernel: PCI: Using host bridge windows from ACPI; if necessary, use "pci=nocrs" and report a bug
Jun 28 02:14:12 kali kernel: PCI: Using E820 reservations for host bridge windows
Jun 28 02:14:12 kali kernel: ACPI: Enabled 4 GPEs in block 00 to 0F
Jun 28 02:14:12 kali kernel: ACPI: PCI Root Bridge [PCI0] (domain 0000 [bus 00-7f])
Jun 28 02:14:12 kali kernel: acpi PNP0A03:00: _OSC: OS supports [ExtendedConfig ASPM ClockPM Segments MSI HPX-Type3]
Jun 28 02:14:12 kali kernel: acpi PNP0A03:00: _OSC: platform does not support [AER LTR]
Jun 28 02:14:12 kali kernel: acpi PNP0A03:00: _OSC: OS now controls [PCIeHotplug SHPCHotplug PME PCIeCapability]
Jun 28 02:14:12 kali kernel: PCI host bridge to bus 0000:00
Jun 28 02:14:12 kali kernel: pci_bus 0000:00: root bus resource [mem 0x000a0000-0x000bffff window]
Jun 28 02:14:12 kali kernel: pci_bus 0000:00: root bus resource [mem 0x000d0000-0x000dbfff window]
Jun 28 02:14:12 kali kernel: pci_bus 0000:00: root bus resource [mem 0xc0000000-0xfebfffff window]
Jun 28 02:14:12 kali kernel: pci_bus 0000:00: root bus resource [io  0x0000-0x0cf7 window]
Jun 28 02:14:12 kali kernel: pci_bus 0000:00: root bus resource [io  0x0d00-0xfeff window]
Jun 28 02:14:12 kali kernel: pci_bus 0000:00: root bus resource [bus 00-7f]
Jun 28 02:14:12 kali kernel: pci 0000:00:00.0: [8086:7190] type 00 class 0x060000 conventional PCI endpoint
Jun 28 02:14:12 kali kernel: pci 0000:00:01.0: [8086:7191] type 01 class 0x060400 conventional PCI bridge
Jun 28 02:14:12 kali kernel: pci 0000:00:01.0: PCI bridge to [bus 01]
Jun 28 02:14:12 kali kernel: pci 0000:00:07.0: [8086:7110] type 00 class 0x060100 conventional PCI endpoint
Jun 28 02:14:12 kali kernel: pci 0000:00:07.1: [8086:7111] type 00 class 0x01018a conventional PCI endpoint
Jun 28 02:14:12 kali kernel: pci 0000:00:07.1: BAR 4 [io  0x1060-0x106f]
Jun 28 02:14:12 kali kernel: pci 0000:00:07.1: BAR 0 [io  0x01f0-0x01f7]: legacy IDE quirk
Jun 28 02:14:12 kali kernel: pci 0000:00:07.1: BAR 1 [io  0x03f6]: legacy IDE quirk
Jun 28 02:14:12 kali kernel: pci 0000:00:07.1: BAR 2 [io  0x0170-0x0177]: legacy IDE quirk
Jun 28 02:14:12 kali kernel: pci 0000:00:07.1: BAR 3 [io  0x0376]: legacy IDE quirk
Jun 28 02:14:12 kali kernel: pci 0000:00:07.3: [8086:7113] type 00 class 0x068000 conventional PCI endpoint
Jun 28 02:14:12 kali kernel: pci 0000:00:07.3: quirk: [io  0x1000-0x103f] claimed by PIIX4 ACPI
Jun 28 02:14:12 kali kernel: pci 0000:00:07.3: quirk: [io  0x1040-0x104f] claimed by PIIX4 SMB
Jun 28 02:14:12 kali kernel: pci 0000:00:07.7: [15ad:0740] type 00 class 0x088000 conventional PCI endpoint
Jun 28 02:14:12 kali kernel: pci 0000:00:07.7: BAR 0 [io  0x1080-0x10bf]
Jun 28 02:14:12 kali kernel: pci 0000:00:07.7: BAR 1 [mem 0xfebc0000-0xfebfffff 64bit]
Jun 28 02:14:12 kali kernel: pci 0000:00:0f.0: [15ad:0405] type 00 class 0x030000 conventional PCI endpoint
Jun 28 02:14:12 kali kernel: pci 0000:00:0f.0: BAR 0 [io  0x1070-0x107f]
Jun 28 02:14:12 kali kernel: pci 0000:00:0f.0: BAR 1 [mem 0xe8000000-0xefffffff pref]
Jun 28 02:14:12 kali kernel: pci 0000:00:0f.0: BAR 2 [mem 0xfe000000-0xfe7fffff]
Jun 28 02:14:12 kali kernel: pci 0000:00:0f.0: ROM [mem 0x00000000-0x00007fff pref]
Jun 28 02:14:12 kali kernel: pci 0000:00:0f.0: Video device with shadowed ROM at [mem 0x000c0000-0x000dffff]
Jun 28 02:14:12 kali kernel: pci 0000:00:10.0: [1000:0030] type 00 class 0x010000 conventional PCI endpoint
Jun 28 02:14:12 kali kernel: pci 0000:00:10.0: BAR 0 [io  0x1400-0x14ff]
Jun 28 02:14:12 kali kernel: pci 0000:00:10.0: BAR 1 [mem 0xfeb80000-0xfeb9ffff 64bit]
Jun 28 02:14:12 kali kernel: pci 0000:00:10.0: BAR 3 [mem 0xfeba0000-0xfebbffff 64bit]
Jun 28 02:14:12 kali kernel: pci 0000:00:10.0: ROM [mem 0x00000000-0x00003fff pref]
Jun 28 02:14:12 kali kernel: pci 0000:00:11.0: [15ad:0790] type 01 class 0x060401 conventional PCI bridge
Jun 28 02:14:12 kali kernel: pci 0000:00:11.0: PCI bridge to [bus 02] (subtractive decode)
Jun 28 02:14:12 kali kernel: pci 0000:00:11.0:   bridge window [io  0x2000-0x3fff]
Jun 28 02:14:12 kali kernel: pci 0000:00:11.0:   bridge window [mem 0xfd500000-0xfdffffff]
Jun 28 02:14:12 kali kernel: pci 0000:00:11.0:   bridge window [mem 0xe7b00000-0xe7ffffff 64bit pref]
Jun 28 02:14:12 kali kernel: pci 0000:00:15.0: [15ad:07a0] type 01 class 0x060400 PCIe Root Port
Jun 28 02:14:12 kali kernel: pci 0000:00:15.0: PCI bridge to [bus 03]
Jun 28 02:14:12 kali kernel: pci 0000:00:15.0:   bridge window [io  0x4000-0x4fff]
Jun 28 02:14:12 kali kernel: pci 0000:00:15.0:   bridge window [mem 0xfd400000-0xfd4fffff]
Jun 28 02:14:12 kali kernel: pci 0000:00:15.0:   bridge window [mem 0xe7a00000-0xe7afffff 64bit pref]
Jun 28 02:14:12 kali kernel: pci 0000:00:15.0: PME# supported from D0 D3hot D3cold
Jun 28 02:14:12 kali kernel: pci 0000:00:15.1: [15ad:07a0] type 01 class 0x060400 PCIe Root Port
Jun 28 02:14:12 kali kernel: pci 0000:00:15.1: PCI bridge to [bus 04]
Jun 28 02:14:12 kali kernel: pci 0000:00:15.1:   bridge window [io  0x8000-0x8fff]
Jun 28 02:14:12 kali kernel: pci 0000:00:15.1:   bridge window [mem 0xfd000000-0xfd0fffff]
Jun 28 02:14:12 kali kernel: pci 0000:00:15.1:   bridge window [mem 0xe7600000-0xe76fffff 64bit pref]
Jun 28 02:14:12 kali kernel: pci 0000:00:15.1: PME# supported from D0 D3hot D3cold
Jun 28 02:14:12 kali kernel: pci 0000:00:15.2: [15ad:07a0] type 01 class 0x060400 PCIe Root Port
Jun 28 02:14:12 kali kernel: pci 0000:00:15.2: PCI bridge to [bus 05]
Jun 28 02:14:12 kali kernel: pci 0000:00:15.2:   bridge window [io  0xc000-0xcfff]
Jun 28 02:14:12 kali kernel: pci 0000:00:15.2:   bridge window [mem 0xfcc00000-0xfccfffff]
Jun 28 02:14:12 kali kernel: pci 0000:00:15.2:   bridge window [mem 0xe7200000-0xe72fffff 64bit pref]
Jun 28 02:14:12 kali kernel: pci 0000:00:15.2: PME# supported from D0 D3hot D3cold
Jun 28 02:14:12 kali kernel: pci 0000:00:15.3: [15ad:07a0] type 01 class 0x060400 PCIe Root Port
Jun 28 02:14:12 kali kernel: pci 0000:00:15.3: PCI bridge to [bus 06]
Jun 28 02:14:12 kali kernel: pci 0000:00:15.3:   bridge window [mem 0xfc800000-0xfc8fffff]
Jun 28 02:14:12 kali kernel: pci 0000:00:15.3:   bridge window [mem 0xe6e00000-0xe6efffff 64bit pref]
Jun 28 02:14:12 kali kernel: pci 0000:00:15.3: PME# supported from D0 D3hot D3cold
Jun 28 02:14:12 kali kernel: pci 0000:00:15.4: [15ad:07a0] type 01 class 0x060400 PCIe Root Port
Jun 28 02:14:12 kali kernel: pci 0000:00:15.4: PCI bridge to [bus 07]
Jun 28 02:14:12 kali kernel: pci 0000:00:15.4:   bridge window [mem 0xfc400000-0xfc4fffff]
Jun 28 02:14:12 kali kernel: pci 0000:00:15.4:   bridge window [mem 0xe6a00000-0xe6afffff 64bit pref]
Jun 28 02:14:12 kali kernel: pci 0000:00:15.4: PME# supported from D0 D3hot D3cold
Jun 28 02:14:12 kali kernel: pci 0000:00:15.5: [15ad:07a0] type 01 class 0x060400 PCIe Root Port
Jun 28 02:14:12 kali kernel: pci 0000:00:15.5: PCI bridge to [bus 08]
Jun 28 02:14:12 kali kernel: pci 0000:00:15.5:   bridge window [mem 0xfc000000-0xfc0fffff]
Jun 28 02:14:12 kali kernel: pci 0000:00:15.5:   bridge window [mem 0xe6600000-0xe66fffff 64bit pref]
Jun 28 02:14:12 kali kernel: pci 0000:00:15.5: PME# supported from D0 D3hot D3cold
Jun 28 02:14:12 kali kernel: pci 0000:00:15.6: [15ad:07a0] type 01 class 0x060400 PCIe Root Port
Jun 28 02:14:12 kali kernel: pci 0000:00:15.6: PCI bridge to [bus 09]
Jun 28 02:14:12 kali kernel: pci 0000:00:15.6:   bridge window [mem 0xfbc00000-0xfbcfffff]
Jun 28 02:14:12 kali kernel: pci 0000:00:15.6:   bridge window [mem 0xe6200000-0xe62fffff 64bit pref]
Jun 28 02:14:12 kali kernel: pci 0000:00:15.6: PME# supported from D0 D3hot D3cold
Jun 28 02:14:12 kali kernel: pci 0000:00:15.7: [15ad:07a0] type 01 class 0x060400 PCIe Root Port
Jun 28 02:14:12 kali kernel: pci 0000:00:15.7: PCI bridge to [bus 0a]
Jun 28 02:14:12 kali kernel: pci 0000:00:15.7:   bridge window [mem 0xfb800000-0xfb8fffff]
Jun 28 02:14:12 kali kernel: pci 0000:00:15.7:   bridge window [mem 0xe5e00000-0xe5efffff 64bit pref]
Jun 28 02:14:12 kali kernel: pci 0000:00:15.7: PME# supported from D0 D3hot D3cold
Jun 28 02:14:12 kali kernel: pci 0000:00:16.0: [15ad:07a0] type 01 class 0x060400 PCIe Root Port
Jun 28 02:14:12 kali kernel: pci 0000:00:16.0: PCI bridge to [bus 0b]
Jun 28 02:14:12 kali kernel: pci 0000:00:16.0:   bridge window [io  0x5000-0x5fff]
Jun 28 02:14:12 kali kernel: pci 0000:00:16.0:   bridge window [mem 0xfd300000-0xfd3fffff]
Jun 28 02:14:12 kali kernel: pci 0000:00:16.0:   bridge window [mem 0xe7900000-0xe79fffff 64bit pref]
Jun 28 02:14:12 kali kernel: pci 0000:00:16.0: PME# supported from D0 D3hot D3cold
Jun 28 02:14:12 kali kernel: pci 0000:00:16.1: [15ad:07a0] type 01 class 0x060400 PCIe Root Port
Jun 28 02:14:12 kali kernel: pci 0000:00:16.1: PCI bridge to [bus 0c]
Jun 28 02:14:12 kali kernel: pci 0000:00:16.1:   bridge window [io  0x9000-0x9fff]
Jun 28 02:14:12 kali kernel: pci 0000:00:16.1:   bridge window [mem 0xfcf00000-0xfcffffff]
Jun 28 02:14:12 kali kernel: pci 0000:00:16.1:   bridge window [mem 0xe7500000-0xe75fffff 64bit pref]
Jun 28 02:14:12 kali kernel: pci 0000:00:16.1: PME# supported from D0 D3hot D3cold
Jun 28 02:14:12 kali kernel: pci 0000:00:16.2: [15ad:07a0] type 01 class 0x060400 PCIe Root Port
Jun 28 02:14:12 kali kernel: pci 0000:00:16.2: PCI bridge to [bus 0d]
Jun 28 02:14:12 kali kernel: pci 0000:00:16.2:   bridge window [io  0xd000-0xdfff]
Jun 28 02:14:12 kali kernel: pci 0000:00:16.2:   bridge window [mem 0xfcb00000-0xfcbfffff]
Jun 28 02:14:12 kali kernel: pci 0000:00:16.2:   bridge window [mem 0xe7100000-0xe71fffff 64bit pref]
Jun 28 02:14:12 kali kernel: pci 0000:00:16.2: PME# supported from D0 D3hot D3cold
Jun 28 02:14:12 kali kernel: pci 0000:00:16.3: [15ad:07a0] type 01 class 0x060400 PCIe Root Port
Jun 28 02:14:12 kali kernel: pci 0000:00:16.3: PCI bridge to [bus 0e]
Jun 28 02:14:12 kali kernel: pci 0000:00:16.3:   bridge window [mem 0xfc700000-0xfc7fffff]
Jun 28 02:14:12 kali kernel: pci 0000:00:16.3:   bridge window [mem 0xe6d00000-0xe6dfffff 64bit pref]
Jun 28 02:14:12 kali kernel: pci 0000:00:16.3: PME# supported from D0 D3hot D3cold
Jun 28 02:14:12 kali kernel: pci 0000:00:16.4: [15ad:07a0] type 01 class 0x060400 PCIe Root Port
Jun 28 02:14:12 kali kernel: pci 0000:00:16.4: PCI bridge to [bus 0f]
Jun 28 02:14:12 kali kernel: pci 0000:00:16.4:   bridge window [mem 0xfc300000-0xfc3fffff]
Jun 28 02:14:12 kali kernel: pci 0000:00:16.4:   bridge window [mem 0xe6900000-0xe69fffff 64bit pref]
Jun 28 02:14:12 kali kernel: pci 0000:00:16.4: PME# supported from D0 D3hot D3cold
Jun 28 02:14:12 kali kernel: pci 0000:00:16.5: [15ad:07a0] type 01 class 0x060400 PCIe Root Port
Jun 28 02:14:12 kali kernel: pci 0000:00:16.5: PCI bridge to [bus 10]
Jun 28 02:14:12 kali kernel: pci 0000:00:16.5:   bridge window [mem 0xfbf00000-0xfbffffff]
Jun 28 02:14:12 kali kernel: pci 0000:00:16.5:   bridge window [mem 0xe6500000-0xe65fffff 64bit pref]
Jun 28 02:14:12 kali kernel: pci 0000:00:16.5: PME# supported from D0 D3hot D3cold
Jun 28 02:14:12 kali kernel: pci 0000:00:16.6: [15ad:07a0] type 01 class 0x060400 PCIe Root Port
Jun 28 02:14:12 kali kernel: pci 0000:00:16.6: PCI bridge to [bus 11]
Jun 28 02:14:12 kali kernel: pci 0000:00:16.6:   bridge window [mem 0xfbb00000-0xfbbfffff]
Jun 28 02:14:12 kali kernel: pci 0000:00:16.6:   bridge window [mem 0xe6100000-0xe61fffff 64bit pref]
Jun 28 02:14:12 kali kernel: pci 0000:00:16.6: PME# supported from D0 D3hot D3cold
Jun 28 02:14:12 kali kernel: pci 0000:00:16.7: [15ad:07a0] type 01 class 0x060400 PCIe Root Port
Jun 28 02:14:12 kali kernel: pci 0000:00:16.7: PCI bridge to [bus 12]
Jun 28 02:14:12 kali kernel: pci 0000:00:16.7:   bridge window [mem 0xfb700000-0xfb7fffff]
Jun 28 02:14:12 kali kernel: pci 0000:00:16.7:   bridge window [mem 0xe5d00000-0xe5dfffff 64bit pref]
Jun 28 02:14:12 kali kernel: pci 0000:00:16.7: PME# supported from D0 D3hot D3cold
Jun 28 02:14:12 kali kernel: pci 0000:00:17.0: [15ad:07a0] type 01 class 0x060400 PCIe Root Port
Jun 28 02:14:12 kali kernel: pci 0000:00:17.0: PCI bridge to [bus 13]
Jun 28 02:14:12 kali kernel: pci 0000:00:17.0:   bridge window [io  0x6000-0x6fff]
Jun 28 02:14:12 kali kernel: pci 0000:00:17.0:   bridge window [mem 0xfd200000-0xfd2fffff]
Jun 28 02:14:12 kali kernel: pci 0000:00:17.0:   bridge window [mem 0xe7800000-0xe78fffff 64bit pref]
Jun 28 02:14:12 kali kernel: pci 0000:00:17.0: PME# supported from D0 D3hot D3cold
Jun 28 02:14:12 kali kernel: pci 0000:00:17.1: [15ad:07a0] type 01 class 0x060400 PCIe Root Port
Jun 28 02:14:12 kali kernel: pci 0000:00:17.1: PCI bridge to [bus 14]
Jun 28 02:14:12 kali kernel: pci 0000:00:17.1:   bridge window [io  0xa000-0xafff]
Jun 28 02:14:12 kali kernel: pci 0000:00:17.1:   bridge window [mem 0xfce00000-0xfcefffff]
Jun 28 02:14:12 kali kernel: pci 0000:00:17.1:   bridge window [mem 0xe7400000-0xe74fffff 64bit pref]
Jun 28 02:14:12 kali kernel: pci 0000:00:17.1: PME# supported from D0 D3hot D3cold
Jun 28 02:14:12 kali kernel: pci 0000:00:17.2: [15ad:07a0] type 01 class 0x060400 PCIe Root Port
Jun 28 02:14:12 kali kernel: pci 0000:00:17.2: PCI bridge to [bus 15]
Jun 28 02:14:12 kali kernel: pci 0000:00:17.2:   bridge window [io  0xe000-0xefff]
Jun 28 02:14:12 kali kernel: pci 0000:00:17.2:   bridge window [mem 0xfca00000-0xfcafffff]
Jun 28 02:14:12 kali kernel: pci 0000:00:17.2:   bridge window [mem 0xe7000000-0xe70fffff 64bit pref]
Jun 28 02:14:12 kali kernel: pci 0000:00:17.2: PME# supported from D0 D3hot D3cold
Jun 28 02:14:12 kali kernel: pci 0000:00:17.3: [15ad:07a0] type 01 class 0x060400 PCIe Root Port
Jun 28 02:14:12 kali kernel: pci 0000:00:17.3: PCI bridge to [bus 16]
Jun 28 02:14:12 kali kernel: pci 0000:00:17.3:   bridge window [mem 0xfc600000-0xfc6fffff]
Jun 28 02:14:12 kali kernel: pci 0000:00:17.3:   bridge window [mem 0xe6c00000-0xe6cfffff 64bit pref]
Jun 28 02:14:12 kali kernel: pci 0000:00:17.3: PME# supported from D0 D3hot D3cold
Jun 28 02:14:12 kali kernel: pci 0000:00:17.4: [15ad:07a0] type 01 class 0x060400 PCIe Root Port
Jun 28 02:14:12 kali kernel: pci 0000:00:17.4: PCI bridge to [bus 17]
Jun 28 02:14:12 kali kernel: pci 0000:00:17.4:   bridge window [mem 0xfc200000-0xfc2fffff]
Jun 28 02:14:12 kali kernel: pci 0000:00:17.4:   bridge window [mem 0xe6800000-0xe68fffff 64bit pref]
Jun 28 02:14:12 kali kernel: pci 0000:00:17.4: PME# supported from D0 D3hot D3cold
Jun 28 02:14:12 kali kernel: pci 0000:00:17.5: [15ad:07a0] type 01 class 0x060400 PCIe Root Port
Jun 28 02:14:12 kali kernel: pci 0000:00:17.5: PCI bridge to [bus 18]
Jun 28 02:14:12 kali kernel: pci 0000:00:17.5:   bridge window [mem 0xfbe00000-0xfbefffff]
Jun 28 02:14:12 kali kernel: pci 0000:00:17.5:   bridge window [mem 0xe6400000-0xe64fffff 64bit pref]
Jun 28 02:14:12 kali kernel: pci 0000:00:17.5: PME# supported from D0 D3hot D3cold
Jun 28 02:14:12 kali kernel: pci 0000:00:17.6: [15ad:07a0] type 01 class 0x060400 PCIe Root Port
Jun 28 02:14:12 kali kernel: pci 0000:00:17.6: PCI bridge to [bus 19]
Jun 28 02:14:12 kali kernel: pci 0000:00:17.6:   bridge window [mem 0xfba00000-0xfbafffff]
Jun 28 02:14:12 kali kernel: pci 0000:00:17.6:   bridge window [mem 0xe6000000-0xe60fffff 64bit pref]
Jun 28 02:14:12 kali kernel: pci 0000:00:17.6: PME# supported from D0 D3hot D3cold
Jun 28 02:14:12 kali kernel: pci 0000:00:17.7: [15ad:07a0] type 01 class 0x060400 PCIe Root Port
Jun 28 02:14:12 kali kernel: pci 0000:00:17.7: PCI bridge to [bus 1a]
Jun 28 02:14:12 kali kernel: pci 0000:00:17.7:   bridge window [mem 0xfb600000-0xfb6fffff]
Jun 28 02:14:12 kali kernel: pci 0000:00:17.7:   bridge window [mem 0xe5c00000-0xe5cfffff 64bit pref]
Jun 28 02:14:12 kali kernel: pci 0000:00:17.7: PME# supported from D0 D3hot D3cold
Jun 28 02:14:12 kali kernel: pci 0000:00:18.0: [15ad:07a0] type 01 class 0x060400 PCIe Root Port
Jun 28 02:14:12 kali kernel: pci 0000:00:18.0: PCI bridge to [bus 1b]
Jun 28 02:14:12 kali kernel: pci 0000:00:18.0:   bridge window [io  0x7000-0x7fff]
Jun 28 02:14:12 kali kernel: pci 0000:00:18.0:   bridge window [mem 0xfd100000-0xfd1fffff]
Jun 28 02:14:12 kali kernel: pci 0000:00:18.0:   bridge window [mem 0xe7700000-0xe77fffff 64bit pref]
Jun 28 02:14:12 kali kernel: pci 0000:00:18.0: PME# supported from D0 D3hot D3cold
Jun 28 02:14:12 kali kernel: pci 0000:00:18.1: [15ad:07a0] type 01 class 0x060400 PCIe Root Port
Jun 28 02:14:12 kali kernel: pci 0000:00:18.1: PCI bridge to [bus 1c]
Jun 28 02:14:12 kali kernel: pci 0000:00:18.1:   bridge window [io  0xb000-0xbfff]
Jun 28 02:14:12 kali kernel: pci 0000:00:18.1:   bridge window [mem 0xfcd00000-0xfcdfffff]
Jun 28 02:14:12 kali kernel: pci 0000:00:18.1:   bridge window [mem 0xe7300000-0xe73fffff 64bit pref]
Jun 28 02:14:12 kali kernel: pci 0000:00:18.1: PME# supported from D0 D3hot D3cold
Jun 28 02:14:12 kali kernel: pci 0000:00:18.2: [15ad:07a0] type 01 class 0x060400 PCIe Root Port
Jun 28 02:14:12 kali kernel: pci 0000:00:18.2: PCI bridge to [bus 1d]
Jun 28 02:14:12 kali kernel: pci 0000:00:18.2:   bridge window [mem 0xfc900000-0xfc9fffff]
Jun 28 02:14:12 kali kernel: pci 0000:00:18.2:   bridge window [mem 0xe6f00000-0xe6ffffff 64bit pref]
Jun 28 02:14:12 kali kernel: pci 0000:00:18.2: PME# supported from D0 D3hot D3cold
Jun 28 02:14:12 kali kernel: pci 0000:00:18.3: [15ad:07a0] type 01 class 0x060400 PCIe Root Port
Jun 28 02:14:12 kali kernel: pci 0000:00:18.3: PCI bridge to [bus 1e]
Jun 28 02:14:12 kali kernel: pci 0000:00:18.3:   bridge window [mem 0xfc500000-0xfc5fffff]
Jun 28 02:14:12 kali kernel: pci 0000:00:18.3:   bridge window [mem 0xe6b00000-0xe6bfffff 64bit pref]
Jun 28 02:14:12 kali kernel: pci 0000:00:18.3: PME# supported from D0 D3hot D3cold
Jun 28 02:14:12 kali kernel: pci 0000:00:18.4: [15ad:07a0] type 01 class 0x060400 PCIe Root Port
Jun 28 02:14:12 kali kernel: pci 0000:00:18.4: PCI bridge to [bus 1f]
Jun 28 02:14:12 kali kernel: pci 0000:00:18.4:   bridge window [mem 0xfc100000-0xfc1fffff]
Jun 28 02:14:12 kali kernel: pci 0000:00:18.4:   bridge window [mem 0xe6700000-0xe67fffff 64bit pref]
Jun 28 02:14:12 kali kernel: pci 0000:00:18.4: PME# supported from D0 D3hot D3cold
Jun 28 02:14:12 kali kernel: pci 0000:00:18.5: [15ad:07a0] type 01 class 0x060400 PCIe Root Port
Jun 28 02:14:12 kali kernel: pci 0000:00:18.5: PCI bridge to [bus 20]
Jun 28 02:14:12 kali kernel: pci 0000:00:18.5:   bridge window [mem 0xfbd00000-0xfbdfffff]
Jun 28 02:14:12 kali kernel: pci 0000:00:18.5:   bridge window [mem 0xe6300000-0xe63fffff 64bit pref]
Jun 28 02:14:12 kali kernel: pci 0000:00:18.5: PME# supported from D0 D3hot D3cold
Jun 28 02:14:12 kali kernel: pci 0000:00:18.6: [15ad:07a0] type 01 class 0x060400 PCIe Root Port
Jun 28 02:14:12 kali kernel: pci 0000:00:18.6: PCI bridge to [bus 21]
Jun 28 02:14:12 kali kernel: pci 0000:00:18.6:   bridge window [mem 0xfb900000-0xfb9fffff]
Jun 28 02:14:12 kali kernel: pci 0000:00:18.6:   bridge window [mem 0xe5f00000-0xe5ffffff 64bit pref]
Jun 28 02:14:12 kali kernel: pci 0000:00:18.6: PME# supported from D0 D3hot D3cold
Jun 28 02:14:12 kali kernel: pci 0000:00:18.7: [15ad:07a0] type 01 class 0x060400 PCIe Root Port
Jun 28 02:14:12 kali kernel: pci 0000:00:18.7: PCI bridge to [bus 22]
Jun 28 02:14:12 kali kernel: pci 0000:00:18.7:   bridge window [mem 0xfb500000-0xfb5fffff]
Jun 28 02:14:12 kali kernel: pci 0000:00:18.7:   bridge window [mem 0xe5b00000-0xe5bfffff 64bit pref]
Jun 28 02:14:12 kali kernel: pci 0000:00:18.7: PME# supported from D0 D3hot D3cold
Jun 28 02:14:12 kali kernel: pci_bus 0000:01: extended config space not accessible
Jun 28 02:14:12 kali kernel: pci 0000:00:01.0: PCI bridge to [bus 01]
Jun 28 02:14:12 kali kernel: pci_bus 0000:02: extended config space not accessible
Jun 28 02:14:12 kali kernel: acpiphp: Slot [32] registered
Jun 28 02:14:12 kali kernel: acpiphp: Slot [33] registered
Jun 28 02:14:12 kali kernel: acpiphp: Slot [34] registered
Jun 28 02:14:12 kali kernel: acpiphp: Slot [35] registered
Jun 28 02:14:12 kali kernel: acpiphp: Slot [36] registered
Jun 28 02:14:12 kali kernel: acpiphp: Slot [37] registered
Jun 28 02:14:12 kali kernel: acpiphp: Slot [38] registered
Jun 28 02:14:12 kali kernel: acpiphp: Slot [39] registered
Jun 28 02:14:12 kali kernel: acpiphp: Slot [40] registered
Jun 28 02:14:12 kali kernel: acpiphp: Slot [41] registered
Jun 28 02:14:12 kali kernel: acpiphp: Slot [42] registered
Jun 28 02:14:12 kali kernel: acpiphp: Slot [43] registered
Jun 28 02:14:12 kali kernel: acpiphp: Slot [44] registered
Jun 28 02:14:12 kali kernel: acpiphp: Slot [45] registered
Jun 28 02:14:12 kali kernel: acpiphp: Slot [46] registered
Jun 28 02:14:12 kali kernel: acpiphp: Slot [47] registered
Jun 28 02:14:12 kali kernel: acpiphp: Slot [48] registered
Jun 28 02:14:12 kali kernel: acpiphp: Slot [49] registered
Jun 28 02:14:12 kali kernel: acpiphp: Slot [50] registered
Jun 28 02:14:12 kali kernel: acpiphp: Slot [51] registered
Jun 28 02:14:12 kali kernel: acpiphp: Slot [52] registered
Jun 28 02:14:12 kali kernel: acpiphp: Slot [53] registered
Jun 28 02:14:12 kali kernel: acpiphp: Slot [54] registered
Jun 28 02:14:12 kali kernel: acpiphp: Slot [55] registered
Jun 28 02:14:12 kali kernel: acpiphp: Slot [56] registered
Jun 28 02:14:12 kali kernel: acpiphp: Slot [57] registered
Jun 28 02:14:12 kali kernel: acpiphp: Slot [58] registered
Jun 28 02:14:12 kali kernel: acpiphp: Slot [59] registered
Jun 28 02:14:12 kali kernel: acpiphp: Slot [60] registered
Jun 28 02:14:12 kali kernel: acpiphp: Slot [61] registered
Jun 28 02:14:12 kali kernel: acpiphp: Slot [62] registered
Jun 28 02:14:12 kali kernel: acpiphp: Slot [63] registered
Jun 28 02:14:12 kali kernel: pci 0000:02:00.0: [15ad:0774] type 00 class 0x0c0300 conventional PCI endpoint
Jun 28 02:14:12 kali kernel: pci 0000:02:00.0: BAR 4 [io  0x2080-0x209f]
Jun 28 02:14:12 kali kernel: pci 0000:02:01.0: [8086:100f] type 00 class 0x020000 conventional PCI endpoint
Jun 28 02:14:12 kali kernel: pci 0000:02:01.0: BAR 0 [mem 0xfd5c0000-0xfd5dffff 64bit]
Jun 28 02:14:12 kali kernel: pci 0000:02:01.0: BAR 2 [mem 0xfdff0000-0xfdffffff 64bit]
Jun 28 02:14:12 kali kernel: pci 0000:02:01.0: BAR 4 [io  0x2000-0x203f]
Jun 28 02:14:12 kali kernel: pci 0000:02:01.0: ROM [mem 0x00000000-0x0000ffff pref]
Jun 28 02:14:12 kali kernel: pci 0000:02:01.0: PME# supported from D0 D3hot D3cold
Jun 28 02:14:12 kali kernel: pci 0000:02:02.0: [1274:1371] type 00 class 0x040100 conventional PCI endpoint
Jun 28 02:14:12 kali kernel: pci 0000:02:02.0: BAR 0 [io  0x2040-0x207f]
Jun 28 02:14:12 kali kernel: pci 0000:02:03.0: [15ad:0770] type 00 class 0x0c0320 conventional PCI endpoint
Jun 28 02:14:12 kali kernel: pci 0000:02:03.0: BAR 0 [mem 0xfd5ef000-0xfd5effff]
Jun 28 02:14:12 kali kernel: pci 0000:02:04.0: [15ad:07e0] type 00 class 0x010601 conventional PCI endpoint
Jun 28 02:14:12 kali kernel: pci 0000:02:04.0: BAR 5 [mem 0xfd5ee000-0xfd5eefff]
Jun 28 02:14:12 kali kernel: pci 0000:02:04.0: ROM [mem 0x00000000-0x0000ffff pref]
Jun 28 02:14:12 kali kernel: pci 0000:02:04.0: PME# supported from D3hot
Jun 28 02:14:12 kali kernel: pci 0000:00:11.0: PCI bridge to [bus 02] (subtractive decode)
Jun 28 02:14:12 kali kernel: pci 0000:00:11.0:   bridge window [mem 0x000a0000-0x000bffff window] (subtractive decode)
Jun 28 02:14:12 kali kernel: pci 0000:00:11.0:   bridge window [mem 0x000d0000-0x000dbfff window] (subtractive decode)
Jun 28 02:14:12 kali kernel: pci 0000:00:11.0:   bridge window [mem 0xc0000000-0xfebfffff window] (subtractive decode)
Jun 28 02:14:12 kali kernel: pci 0000:00:11.0:   bridge window [io  0x0000-0x0cf7 window] (subtractive decode)
Jun 28 02:14:12 kali kernel: pci 0000:00:11.0:   bridge window [io  0x0d00-0xfeff window] (subtractive decode)
Jun 28 02:14:12 kali kernel: pci 0000:00:15.0: PCI bridge to [bus 03]
Jun 28 02:14:12 kali kernel: pci 0000:00:15.1: PCI bridge to [bus 04]
Jun 28 02:14:12 kali kernel: pci 0000:00:15.2: PCI bridge to [bus 05]
Jun 28 02:14:12 kali kernel: pci 0000:00:15.3: PCI bridge to [bus 06]
Jun 28 02:14:12 kali kernel: pci 0000:00:15.4: PCI bridge to [bus 07]
Jun 28 02:14:12 kali kernel: pci 0000:00:15.5: PCI bridge to [bus 08]
Jun 28 02:14:12 kali kernel: pci 0000:00:15.6: PCI bridge to [bus 09]
Jun 28 02:14:12 kali kernel: pci 0000:00:15.7: PCI bridge to [bus 0a]
Jun 28 02:14:12 kali kernel: pci 0000:00:16.0: PCI bridge to [bus 0b]
Jun 28 02:14:12 kali kernel: pci 0000:00:16.1: PCI bridge to [bus 0c]
Jun 28 02:14:12 kali kernel: pci 0000:00:16.2: PCI bridge to [bus 0d]
Jun 28 02:14:12 kali kernel: pci 0000:00:16.3: PCI bridge to [bus 0e]
Jun 28 02:14:12 kali kernel: pci 0000:00:16.4: PCI bridge to [bus 0f]
Jun 28 02:14:12 kali kernel: pci 0000:00:16.5: PCI bridge to [bus 10]
Jun 28 02:14:12 kali kernel: pci 0000:00:16.6: PCI bridge to [bus 11]
Jun 28 02:14:12 kali kernel: pci 0000:00:16.7: PCI bridge to [bus 12]
Jun 28 02:14:12 kali kernel: pci 0000:00:17.0: PCI bridge to [bus 13]
Jun 28 02:14:12 kali kernel: pci 0000:00:17.1: PCI bridge to [bus 14]
Jun 28 02:14:12 kali kernel: pci 0000:00:17.2: PCI bridge to [bus 15]
Jun 28 02:14:12 kali kernel: pci 0000:00:17.3: PCI bridge to [bus 16]
Jun 28 02:14:12 kali kernel: pci 0000:00:17.4: PCI bridge to [bus 17]
Jun 28 02:14:12 kali kernel: pci 0000:00:17.5: PCI bridge to [bus 18]
Jun 28 02:14:12 kali kernel: pci 0000:00:17.6: PCI bridge to [bus 19]
Jun 28 02:14:12 kali kernel: pci 0000:00:17.7: PCI bridge to [bus 1a]
Jun 28 02:14:12 kali kernel: pci 0000:00:18.0: PCI bridge to [bus 1b]
Jun 28 02:14:12 kali kernel: pci 0000:00:18.1: PCI bridge to [bus 1c]
Jun 28 02:14:12 kali kernel: pci 0000:00:18.2: PCI bridge to [bus 1d]
Jun 28 02:14:12 kali kernel: pci 0000:00:18.3: PCI bridge to [bus 1e]
Jun 28 02:14:12 kali kernel: pci 0000:00:18.4: PCI bridge to [bus 1f]
Jun 28 02:14:12 kali kernel: pci 0000:00:18.5: PCI bridge to [bus 20]
Jun 28 02:14:12 kali kernel: pci 0000:00:18.6: PCI bridge to [bus 21]
Jun 28 02:14:12 kali kernel: pci 0000:00:18.7: PCI bridge to [bus 22]
Jun 28 02:14:12 kali kernel: ACPI: PCI: Interrupt link LNKA configured for IRQ 9
Jun 28 02:14:12 kali kernel: ACPI: PCI: Interrupt link LNKB configured for IRQ 11
Jun 28 02:14:12 kali kernel: ACPI: PCI: Interrupt link LNKC configured for IRQ 10
Jun 28 02:14:12 kali kernel: ACPI: PCI: Interrupt link LNKD configured for IRQ 7
Jun 28 02:14:12 kali kernel: iommu: Default domain type: Translated
Jun 28 02:14:12 kali kernel: iommu: DMA domain TLB invalidation policy: lazy mode
Jun 28 02:14:12 kali kernel: pps_core: LinuxPPS API ver. 1 registered
Jun 28 02:14:12 kali kernel: pps_core: Software ver. 5.3.6 - Copyright 2005-2007 Rodolfo Giometti <giometti@linux.it>
Jun 28 02:14:12 kali kernel: PTP clock support registered
Jun 28 02:14:12 kali kernel: EDAC MC: Ver: 3.0.0
Jun 28 02:14:12 kali kernel: NetLabel: Initializing
Jun 28 02:14:12 kali kernel: NetLabel:  domain hash size = 128
Jun 28 02:14:12 kali kernel: NetLabel:  protocols = UNLABELED CIPSOv4 CALIPSO
Jun 28 02:14:12 kali kernel: NetLabel:  unlabeled traffic allowed by default
Jun 28 02:14:12 kali kernel: PCI: Using ACPI for IRQ routing
Jun 28 02:14:12 kali kernel: PCI: pci_cache_line_size set to 64 bytes
Jun 28 02:14:12 kali kernel: e820: reserve RAM buffer [mem 0x0009e800-0x0009ffff]
Jun 28 02:14:12 kali kernel: e820: reserve RAM buffer [mem 0xbfee0000-0xbfffffff]
Jun 28 02:14:12 kali kernel: pci 0000:00:0f.0: vgaarb: setting as boot VGA device
Jun 28 02:14:12 kali kernel: pci 0000:00:0f.0: vgaarb: bridge control possible
Jun 28 02:14:12 kali kernel: pci 0000:00:0f.0: vgaarb: VGA device added: decodes=io+mem,owns=io+mem,locks=none
Jun 28 02:14:12 kali kernel: vgaarb: loaded
Jun 28 02:14:12 kali kernel: hpet0: at MMIO 0xfed00000, IRQs 2, 8, 0, 0, 0, 0, 0, 0, 0, 0, 0, 0, 0, 0, 0, 0
Jun 28 02:14:12 kali kernel: hpet0: 16 comparators, 64-bit 14.318180 MHz counter
Jun 28 02:14:12 kali kernel: clocksource: Switched to clocksource tsc-early
Jun 28 02:14:12 kali kernel: VFS: Disk quotas dquot_6.6.0
Jun 28 02:14:12 kali kernel: VFS: Dquot-cache hash table entries: 512 (order 0, 4096 bytes)
Jun 28 02:14:12 kali kernel: AppArmor: AppArmor Filesystem Enabled
Jun 28 02:14:12 kali kernel: pnp: PnP ACPI init
Jun 28 02:14:12 kali kernel: system 00:00: [io  0x1000-0x103f] has been reserved
Jun 28 02:14:12 kali kernel: system 00:00: [io  0x1040-0x104f] has been reserved
Jun 28 02:14:12 kali kernel: system 00:00: [io  0x0cf0-0x0cf1] has been reserved
Jun 28 02:14:12 kali kernel: system 00:04: [mem 0xfed00000-0xfed003ff] has been reserved
Jun 28 02:14:12 kali kernel: system 00:05: [io  0xfce0-0xfcff] has been reserved
Jun 28 02:14:12 kali kernel: system 00:05: [mem 0xf0000000-0xf7ffffff] has been reserved
Jun 28 02:14:12 kali kernel: system 00:05: [mem 0xfe800000-0xfe9fffff] has been reserved
Jun 28 02:14:12 kali kernel: pnp: PnP ACPI: found 6 devices
Jun 28 02:14:12 kali kernel: clocksource: acpi_pm: mask: 0xffffff max_cycles: 0xffffff, max_idle_ns: 2085701024 ns
Jun 28 02:14:12 kali kernel: NET: Registered PF_INET protocol family
Jun 28 02:14:12 kali kernel: IP idents hash table entries: 131072 (order: 8, 1048576 bytes, linear)
Jun 28 02:14:12 kali kernel: tcp_listen_portaddr_hash hash table entries: 4096 (order: 4, 65536 bytes, linear)
Jun 28 02:14:12 kali kernel: Table-perturb hash table entries: 65536 (order: 6, 262144 bytes, linear)
Jun 28 02:14:12 kali kernel: TCP established hash table entries: 65536 (order: 7, 524288 bytes, linear)
Jun 28 02:14:12 kali kernel: TCP bind hash table entries: 65536 (order: 9, 2097152 bytes, linear)
Jun 28 02:14:12 kali kernel: TCP: Hash tables configured (established 65536 bind 65536)
Jun 28 02:14:12 kali kernel: MPTCP token hash table entries: 8192 (order: 5, 196608 bytes, linear)
Jun 28 02:14:12 kali kernel: UDP hash table entries: 4096 (order: 5, 131072 bytes, linear)
Jun 28 02:14:12 kali kernel: UDP-Lite hash table entries: 4096 (order: 5, 131072 bytes, linear)
Jun 28 02:14:12 kali kernel: NET: Registered PF_UNIX/PF_LOCAL protocol family
Jun 28 02:14:12 kali kernel: NET: Registered PF_XDP protocol family
Jun 28 02:14:12 kali kernel: pci 0000:00:15.3: bridge window [io  0x1000-0x0fff] to [bus 06] add_size 1000
Jun 28 02:14:12 kali kernel: pci 0000:00:15.4: bridge window [io  0x1000-0x0fff] to [bus 07] add_size 1000
Jun 28 02:14:12 kali kernel: pci 0000:00:15.5: bridge window [io  0x1000-0x0fff] to [bus 08] add_size 1000
Jun 28 02:14:12 kali kernel: pci 0000:00:15.6: bridge window [io  0x1000-0x0fff] to [bus 09] add_size 1000
Jun 28 02:14:12 kali kernel: pci 0000:00:15.7: bridge window [io  0x1000-0x0fff] to [bus 0a] add_size 1000
Jun 28 02:14:12 kali kernel: pci 0000:00:16.3: bridge window [io  0x1000-0x0fff] to [bus 0e] add_size 1000
Jun 28 02:14:12 kali kernel: pci 0000:00:16.4: bridge window [io  0x1000-0x0fff] to [bus 0f] add_size 1000
Jun 28 02:14:12 kali kernel: pci 0000:00:16.5: bridge window [io  0x1000-0x0fff] to [bus 10] add_size 1000
Jun 28 02:14:12 kali kernel: pci 0000:00:16.6: bridge window [io  0x1000-0x0fff] to [bus 11] add_size 1000
Jun 28 02:14:12 kali kernel: pci 0000:00:16.7: bridge window [io  0x1000-0x0fff] to [bus 12] add_size 1000
Jun 28 02:14:12 kali kernel: pci 0000:00:17.3: bridge window [io  0x1000-0x0fff] to [bus 16] add_size 1000
Jun 28 02:14:12 kali kernel: pci 0000:00:17.4: bridge window [io  0x1000-0x0fff] to [bus 17] add_size 1000
Jun 28 02:14:12 kali kernel: pci 0000:00:17.5: bridge window [io  0x1000-0x0fff] to [bus 18] add_size 1000
Jun 28 02:14:12 kali kernel: pci 0000:00:17.6: bridge window [io  0x1000-0x0fff] to [bus 19] add_size 1000
Jun 28 02:14:12 kali kernel: pci 0000:00:17.7: bridge window [io  0x1000-0x0fff] to [bus 1a] add_size 1000
Jun 28 02:14:12 kali kernel: pci 0000:00:18.2: bridge window [io  0x1000-0x0fff] to [bus 1d] add_size 1000
Jun 28 02:14:12 kali kernel: pci 0000:00:18.3: bridge window [io  0x1000-0x0fff] to [bus 1e] add_size 1000
Jun 28 02:14:12 kali kernel: pci 0000:00:18.4: bridge window [io  0x1000-0x0fff] to [bus 1f] add_size 1000
Jun 28 02:14:12 kali kernel: pci 0000:00:18.5: bridge window [io  0x1000-0x0fff] to [bus 20] add_size 1000
Jun 28 02:14:12 kali kernel: pci 0000:00:18.6: bridge window [io  0x1000-0x0fff] to [bus 21] add_size 1000
Jun 28 02:14:12 kali kernel: pci 0000:00:18.7: bridge window [io  0x1000-0x0fff] to [bus 22] add_size 1000
Jun 28 02:14:12 kali kernel: pci 0000:00:10.0: ROM [mem 0xc0000000-0xc0003fff pref]: assigned
Jun 28 02:14:12 kali kernel: pci 0000:00:15.3: bridge window [io  size 0x1000]: can't assign; no space
Jun 28 02:14:12 kali kernel: pci 0000:00:15.3: bridge window [io  size 0x1000]: failed to assign
Jun 28 02:14:12 kali kernel: pci 0000:00:15.4: bridge window [io  size 0x1000]: can't assign; no space
Jun 28 02:14:12 kali kernel: pci 0000:00:15.4: bridge window [io  size 0x1000]: failed to assign
Jun 28 02:14:12 kali kernel: pci 0000:00:15.5: bridge window [io  size 0x1000]: can't assign; no space
Jun 28 02:14:12 kali kernel: pci 0000:00:15.5: bridge window [io  size 0x1000]: failed to assign
Jun 28 02:14:12 kali kernel: pci 0000:00:15.6: bridge window [io  size 0x1000]: can't assign; no space
Jun 28 02:14:12 kali kernel: pci 0000:00:15.6: bridge window [io  size 0x1000]: failed to assign
Jun 28 02:14:12 kali kernel: pci 0000:00:15.7: bridge window [io  size 0x1000]: can't assign; no space
Jun 28 02:14:12 kali kernel: pci 0000:00:15.7: bridge window [io  size 0x1000]: failed to assign
Jun 28 02:14:12 kali kernel: pci 0000:00:16.3: bridge window [io  size 0x1000]: can't assign; no space
Jun 28 02:14:12 kali kernel: pci 0000:00:16.3: bridge window [io  size 0x1000]: failed to assign
Jun 28 02:14:12 kali kernel: pci 0000:00:16.4: bridge window [io  size 0x1000]: can't assign; no space
Jun 28 02:14:12 kali kernel: pci 0000:00:16.4: bridge window [io  size 0x1000]: failed to assign
Jun 28 02:14:12 kali kernel: pci 0000:00:16.5: bridge window [io  size 0x1000]: can't assign; no space
Jun 28 02:14:12 kali kernel: pci 0000:00:16.5: bridge window [io  size 0x1000]: failed to assign
Jun 28 02:14:12 kali kernel: pci 0000:00:16.6: bridge window [io  size 0x1000]: can't assign; no space
Jun 28 02:14:12 kali kernel: pci 0000:00:16.6: bridge window [io  size 0x1000]: failed to assign
Jun 28 02:14:12 kali kernel: pci 0000:00:16.7: bridge window [io  size 0x1000]: can't assign; no space
Jun 28 02:14:12 kali kernel: pci 0000:00:16.7: bridge window [io  size 0x1000]: failed to assign
Jun 28 02:14:12 kali kernel: pci 0000:00:17.3: bridge window [io  size 0x1000]: can't assign; no space
Jun 28 02:14:12 kali kernel: pci 0000:00:17.3: bridge window [io  size 0x1000]: failed to assign
Jun 28 02:14:12 kali kernel: pci 0000:00:17.4: bridge window [io  size 0x1000]: can't assign; no space
Jun 28 02:14:12 kali kernel: pci 0000:00:17.4: bridge window [io  size 0x1000]: failed to assign
Jun 28 02:14:12 kali kernel: pci 0000:00:17.5: bridge window [io  size 0x1000]: can't assign; no space
Jun 28 02:14:12 kali kernel: pci 0000:00:17.5: bridge window [io  size 0x1000]: failed to assign
Jun 28 02:14:12 kali kernel: pci 0000:00:17.6: bridge window [io  size 0x1000]: can't assign; no space
Jun 28 02:14:12 kali kernel: pci 0000:00:17.6: bridge window [io  size 0x1000]: failed to assign
Jun 28 02:14:12 kali kernel: pci 0000:00:17.7: bridge window [io  size 0x1000]: can't assign; no space
Jun 28 02:14:12 kali kernel: pci 0000:00:17.7: bridge window [io  size 0x1000]: failed to assign
Jun 28 02:14:12 kali kernel: pci 0000:00:18.2: bridge window [io  size 0x1000]: can't assign; no space
Jun 28 02:14:12 kali kernel: pci 0000:00:18.2: bridge window [io  size 0x1000]: failed to assign
Jun 28 02:14:12 kali kernel: pci 0000:00:18.3: bridge window [io  size 0x1000]: can't assign; no space
Jun 28 02:14:12 kali kernel: pci 0000:00:18.3: bridge window [io  size 0x1000]: failed to assign
Jun 28 02:14:12 kali kernel: pci 0000:00:18.4: bridge window [io  size 0x1000]: can't assign; no space
Jun 28 02:14:12 kali kernel: pci 0000:00:18.4: bridge window [io  size 0x1000]: failed to assign
Jun 28 02:14:12 kali kernel: pci 0000:00:18.5: bridge window [io  size 0x1000]: can't assign; no space
Jun 28 02:14:12 kali kernel: pci 0000:00:18.5: bridge window [io  size 0x1000]: failed to assign
Jun 28 02:14:12 kali kernel: pci 0000:00:18.6: bridge window [io  size 0x1000]: can't assign; no space
Jun 28 02:14:12 kali kernel: pci 0000:00:18.6: bridge window [io  size 0x1000]: failed to assign
Jun 28 02:14:12 kali kernel: pci 0000:00:18.7: bridge window [io  size 0x1000]: can't assign; no space
Jun 28 02:14:12 kali kernel: pci 0000:00:18.7: bridge window [io  size 0x1000]: failed to assign
Jun 28 02:14:12 kali kernel: pci 0000:00:18.7: bridge window [io  size 0x1000]: can't assign; no space
Jun 28 02:14:12 kali kernel: pci 0000:00:18.7: bridge window [io  size 0x1000]: failed to assign
Jun 28 02:14:12 kali kernel: pci 0000:00:18.6: bridge window [io  size 0x1000]: can't assign; no space
Jun 28 02:14:12 kali kernel: pci 0000:00:18.6: bridge window [io  size 0x1000]: failed to assign
Jun 28 02:14:12 kali kernel: pci 0000:00:18.5: bridge window [io  size 0x1000]: can't assign; no space
Jun 28 02:14:12 kali kernel: pci 0000:00:18.5: bridge window [io  size 0x1000]: failed to assign
Jun 28 02:14:12 kali kernel: pci 0000:00:18.4: bridge window [io  size 0x1000]: can't assign; no space
Jun 28 02:14:12 kali kernel: pci 0000:00:18.4: bridge window [io  size 0x1000]: failed to assign
Jun 28 02:14:12 kali kernel: pci 0000:00:18.3: bridge window [io  size 0x1000]: can't assign; no space
Jun 28 02:14:12 kali kernel: pci 0000:00:18.3: bridge window [io  size 0x1000]: failed to assign
Jun 28 02:14:12 kali kernel: pci 0000:00:18.2: bridge window [io  size 0x1000]: can't assign; no space
Jun 28 02:14:12 kali kernel: pci 0000:00:18.2: bridge window [io  size 0x1000]: failed to assign
Jun 28 02:14:12 kali kernel: pci 0000:00:17.7: bridge window [io  size 0x1000]: can't assign; no space
Jun 28 02:14:12 kali kernel: pci 0000:00:17.7: bridge window [io  size 0x1000]: failed to assign
Jun 28 02:14:12 kali kernel: pci 0000:00:17.6: bridge window [io  size 0x1000]: can't assign; no space
Jun 28 02:14:12 kali kernel: pci 0000:00:17.6: bridge window [io  size 0x1000]: failed to assign
Jun 28 02:14:12 kali kernel: pci 0000:00:17.5: bridge window [io  size 0x1000]: can't assign; no space
Jun 28 02:14:12 kali kernel: pci 0000:00:17.5: bridge window [io  size 0x1000]: failed to assign
Jun 28 02:14:12 kali kernel: pci 0000:00:17.4: bridge window [io  size 0x1000]: can't assign; no space
Jun 28 02:14:12 kali kernel: pci 0000:00:17.4: bridge window [io  size 0x1000]: failed to assign
Jun 28 02:14:12 kali kernel: pci 0000:00:17.3: bridge window [io  size 0x1000]: can't assign; no space
Jun 28 02:14:12 kali kernel: pci 0000:00:17.3: bridge window [io  size 0x1000]: failed to assign
Jun 28 02:14:12 kali kernel: pci 0000:00:16.7: bridge window [io  size 0x1000]: can't assign; no space
Jun 28 02:14:12 kali kernel: pci 0000:00:16.7: bridge window [io  size 0x1000]: failed to assign
Jun 28 02:14:12 kali kernel: pci 0000:00:16.6: bridge window [io  size 0x1000]: can't assign; no space
Jun 28 02:14:12 kali kernel: pci 0000:00:16.6: bridge window [io  size 0x1000]: failed to assign
Jun 28 02:14:12 kali kernel: pci 0000:00:16.5: bridge window [io  size 0x1000]: can't assign; no space
Jun 28 02:14:12 kali kernel: pci 0000:00:16.5: bridge window [io  size 0x1000]: failed to assign
Jun 28 02:14:12 kali kernel: pci 0000:00:16.4: bridge window [io  size 0x1000]: can't assign; no space
Jun 28 02:14:12 kali kernel: pci 0000:00:16.4: bridge window [io  size 0x1000]: failed to assign
Jun 28 02:14:12 kali kernel: pci 0000:00:16.3: bridge window [io  size 0x1000]: can't assign; no space
Jun 28 02:14:12 kali kernel: pci 0000:00:16.3: bridge window [io  size 0x1000]: failed to assign
Jun 28 02:14:12 kali kernel: pci 0000:00:15.7: bridge window [io  size 0x1000]: can't assign; no space
Jun 28 02:14:12 kali kernel: pci 0000:00:15.7: bridge window [io  size 0x1000]: failed to assign
Jun 28 02:14:12 kali kernel: pci 0000:00:15.6: bridge window [io  size 0x1000]: can't assign; no space
Jun 28 02:14:12 kali kernel: pci 0000:00:15.6: bridge window [io  size 0x1000]: failed to assign
Jun 28 02:14:12 kali kernel: pci 0000:00:15.5: bridge window [io  size 0x1000]: can't assign; no space
Jun 28 02:14:12 kali kernel: pci 0000:00:15.5: bridge window [io  size 0x1000]: failed to assign
Jun 28 02:14:12 kali kernel: pci 0000:00:15.4: bridge window [io  size 0x1000]: can't assign; no space
Jun 28 02:14:12 kali kernel: pci 0000:00:15.4: bridge window [io  size 0x1000]: failed to assign
Jun 28 02:14:12 kali kernel: pci 0000:00:15.3: bridge window [io  size 0x1000]: can't assign; no space
Jun 28 02:14:12 kali kernel: pci 0000:00:15.3: bridge window [io  size 0x1000]: failed to assign
Jun 28 02:14:12 kali kernel: pci 0000:00:01.0: PCI bridge to [bus 01]
Jun 28 02:14:12 kali kernel: pci 0000:02:01.0: ROM [mem 0xfd500000-0xfd50ffff pref]: assigned
Jun 28 02:14:12 kali kernel: pci 0000:02:04.0: ROM [mem 0xfd510000-0xfd51ffff pref]: assigned
Jun 28 02:14:12 kali kernel: pci 0000:00:11.0: PCI bridge to [bus 02]
Jun 28 02:14:12 kali kernel: pci 0000:00:11.0:   bridge window [io  0x2000-0x3fff]
Jun 28 02:14:12 kali kernel: pci 0000:00:11.0:   bridge window [mem 0xfd500000-0xfdffffff]
Jun 28 02:14:12 kali kernel: pci 0000:00:11.0:   bridge window [mem 0xe7b00000-0xe7ffffff 64bit pref]
Jun 28 02:14:12 kali kernel: pci 0000:00:15.0: PCI bridge to [bus 03]
Jun 28 02:14:12 kali kernel: pci 0000:00:15.0:   bridge window [io  0x4000-0x4fff]
Jun 28 02:14:12 kali kernel: pci 0000:00:15.0:   bridge window [mem 0xfd400000-0xfd4fffff]
Jun 28 02:14:12 kali kernel: pci 0000:00:15.0:   bridge window [mem 0xe7a00000-0xe7afffff 64bit pref]
Jun 28 02:14:12 kali kernel: pci 0000:00:15.1: PCI bridge to [bus 04]
Jun 28 02:14:12 kali kernel: pci 0000:00:15.1:   bridge window [io  0x8000-0x8fff]
Jun 28 02:14:12 kali kernel: pci 0000:00:15.1:   bridge window [mem 0xfd000000-0xfd0fffff]
Jun 28 02:14:12 kali kernel: pci 0000:00:15.1:   bridge window [mem 0xe7600000-0xe76fffff 64bit pref]
Jun 28 02:14:13 kali kernel: pci 0000:00:15.2: PCI bridge to [bus 05]
Jun 28 02:14:13 kali kernel: pci 0000:00:15.2:   bridge window [io  0xc000-0xcfff]
Jun 28 02:14:13 kali kernel: pci 0000:00:15.2:   bridge window [mem 0xfcc00000-0xfccfffff]
Jun 28 02:14:13 kali kernel: pci 0000:00:15.2:   bridge window [mem 0xe7200000-0xe72fffff 64bit pref]
Jun 28 02:14:13 kali kernel: pci 0000:00:15.3: PCI bridge to [bus 06]
Jun 28 02:14:13 kali kernel: pci 0000:00:15.3:   bridge window [mem 0xfc800000-0xfc8fffff]
Jun 28 02:14:13 kali kernel: pci 0000:00:15.3:   bridge window [mem 0xe6e00000-0xe6efffff 64bit pref]
Jun 28 02:14:13 kali kernel: pci 0000:00:15.4: PCI bridge to [bus 07]
Jun 28 02:14:13 kali kernel: pci 0000:00:15.4:   bridge window [mem 0xfc400000-0xfc4fffff]
Jun 28 02:14:13 kali kernel: pci 0000:00:15.4:   bridge window [mem 0xe6a00000-0xe6afffff 64bit pref]
Jun 28 02:14:13 kali kernel: pci 0000:00:15.5: PCI bridge to [bus 08]
Jun 28 02:14:13 kali kernel: pci 0000:00:15.5:   bridge window [mem 0xfc000000-0xfc0fffff]
Jun 28 02:14:13 kali kernel: pci 0000:00:15.5:   bridge window [mem 0xe6600000-0xe66fffff 64bit pref]
Jun 28 02:14:13 kali kernel: pci 0000:00:15.6: PCI bridge to [bus 09]
Jun 28 02:14:13 kali kernel: pci 0000:00:15.6:   bridge window [mem 0xfbc00000-0xfbcfffff]
Jun 28 02:14:13 kali kernel: pci 0000:00:15.6:   bridge window [mem 0xe6200000-0xe62fffff 64bit pref]
Jun 28 02:14:13 kali kernel: pci 0000:00:15.7: PCI bridge to [bus 0a]
Jun 28 02:14:13 kali kernel: pci 0000:00:15.7:   bridge window [mem 0xfb800000-0xfb8fffff]
Jun 28 02:14:13 kali kernel: pci 0000:00:15.7:   bridge window [mem 0xe5e00000-0xe5efffff 64bit pref]
Jun 28 02:14:13 kali kernel: pci 0000:00:16.0: PCI bridge to [bus 0b]
Jun 28 02:14:13 kali kernel: pci 0000:00:16.0:   bridge window [io  0x5000-0x5fff]
Jun 28 02:14:13 kali kernel: pci 0000:00:16.0:   bridge window [mem 0xfd300000-0xfd3fffff]
Jun 28 02:14:13 kali kernel: pci 0000:00:16.0:   bridge window [mem 0xe7900000-0xe79fffff 64bit pref]
Jun 28 02:14:13 kali kernel: pci 0000:00:16.1: PCI bridge to [bus 0c]
Jun 28 02:14:13 kali kernel: pci 0000:00:16.1:   bridge window [io  0x9000-0x9fff]
Jun 28 02:14:13 kali kernel: pci 0000:00:16.1:   bridge window [mem 0xfcf00000-0xfcffffff]
Jun 28 02:14:13 kali kernel: pci 0000:00:16.1:   bridge window [mem 0xe7500000-0xe75fffff 64bit pref]
Jun 28 02:14:13 kali kernel: pci 0000:00:16.2: PCI bridge to [bus 0d]
Jun 28 02:14:13 kali kernel: pci 0000:00:16.2:   bridge window [io  0xd000-0xdfff]
Jun 28 02:14:13 kali kernel: pci 0000:00:16.2:   bridge window [mem 0xfcb00000-0xfcbfffff]
Jun 28 02:14:13 kali kernel: pci 0000:00:16.2:   bridge window [mem 0xe7100000-0xe71fffff 64bit pref]
Jun 28 02:14:13 kali kernel: pci 0000:00:16.3: PCI bridge to [bus 0e]
Jun 28 02:14:13 kali kernel: pci 0000:00:16.3:   bridge window [mem 0xfc700000-0xfc7fffff]
Jun 28 02:14:13 kali kernel: pci 0000:00:16.3:   bridge window [mem 0xe6d00000-0xe6dfffff 64bit pref]
Jun 28 02:14:13 kali kernel: pci 0000:00:16.4: PCI bridge to [bus 0f]
Jun 28 02:14:13 kali kernel: pci 0000:00:16.4:   bridge window [mem 0xfc300000-0xfc3fffff]
Jun 28 02:14:13 kali kernel: pci 0000:00:16.4:   bridge window [mem 0xe6900000-0xe69fffff 64bit pref]
Jun 28 02:14:13 kali kernel: pci 0000:00:16.5: PCI bridge to [bus 10]
Jun 28 02:14:13 kali kernel: pci 0000:00:16.5:   bridge window [mem 0xfbf00000-0xfbffffff]
Jun 28 02:14:13 kali kernel: pci 0000:00:16.5:   bridge window [mem 0xe6500000-0xe65fffff 64bit pref]
Jun 28 02:14:13 kali kernel: pci 0000:00:16.6: PCI bridge to [bus 11]
Jun 28 02:14:13 kali kernel: pci 0000:00:16.6:   bridge window [mem 0xfbb00000-0xfbbfffff]
Jun 28 02:14:13 kali kernel: pci 0000:00:16.6:   bridge window [mem 0xe6100000-0xe61fffff 64bit pref]
Jun 28 02:14:13 kali kernel: pci 0000:00:16.7: PCI bridge to [bus 12]
Jun 28 02:14:13 kali kernel: pci 0000:00:16.7:   bridge window [mem 0xfb700000-0xfb7fffff]
Jun 28 02:14:13 kali kernel: pci 0000:00:16.7:   bridge window [mem 0xe5d00000-0xe5dfffff 64bit pref]
Jun 28 02:14:13 kali kernel: pci 0000:00:17.0: PCI bridge to [bus 13]
Jun 28 02:14:13 kali kernel: pci 0000:00:17.0:   bridge window [io  0x6000-0x6fff]
Jun 28 02:14:13 kali kernel: pci 0000:00:17.0:   bridge window [mem 0xfd200000-0xfd2fffff]
Jun 28 02:14:13 kali kernel: pci 0000:00:17.0:   bridge window [mem 0xe7800000-0xe78fffff 64bit pref]
Jun 28 02:14:13 kali kernel: pci 0000:00:17.1: PCI bridge to [bus 14]
Jun 28 02:14:13 kali kernel: pci 0000:00:17.1:   bridge window [io  0xa000-0xafff]
Jun 28 02:14:13 kali kernel: pci 0000:00:17.1:   bridge window [mem 0xfce00000-0xfcefffff]
Jun 28 02:14:13 kali kernel: pci 0000:00:17.1:   bridge window [mem 0xe7400000-0xe74fffff 64bit pref]
Jun 28 02:14:13 kali kernel: pci 0000:00:17.2: PCI bridge to [bus 15]
Jun 28 02:14:13 kali kernel: pci 0000:00:17.2:   bridge window [io  0xe000-0xefff]
Jun 28 02:14:13 kali kernel: pci 0000:00:17.2:   bridge window [mem 0xfca00000-0xfcafffff]
Jun 28 02:14:13 kali kernel: pci 0000:00:17.2:   bridge window [mem 0xe7000000-0xe70fffff 64bit pref]
Jun 28 02:14:13 kali kernel: pci 0000:00:17.3: PCI bridge to [bus 16]
Jun 28 02:14:13 kali kernel: pci 0000:00:17.3:   bridge window [mem 0xfc600000-0xfc6fffff]
Jun 28 02:14:13 kali kernel: pci 0000:00:17.3:   bridge window [mem 0xe6c00000-0xe6cfffff 64bit pref]
Jun 28 02:14:13 kali kernel: pci 0000:00:17.4: PCI bridge to [bus 17]
Jun 28 02:14:13 kali kernel: pci 0000:00:17.4:   bridge window [mem 0xfc200000-0xfc2fffff]
Jun 28 02:14:13 kali kernel: pci 0000:00:17.4:   bridge window [mem 0xe6800000-0xe68fffff 64bit pref]
Jun 28 02:14:13 kali kernel: pci 0000:00:17.5: PCI bridge to [bus 18]
Jun 28 02:14:13 kali kernel: pci 0000:00:17.5:   bridge window [mem 0xfbe00000-0xfbefffff]
Jun 28 02:14:13 kali kernel: pci 0000:00:17.5:   bridge window [mem 0xe6400000-0xe64fffff 64bit pref]
Jun 28 02:14:13 kali kernel: pci 0000:00:17.6: PCI bridge to [bus 19]
Jun 28 02:14:13 kali kernel: pci 0000:00:17.6:   bridge window [mem 0xfba00000-0xfbafffff]
Jun 28 02:14:13 kali kernel: pci 0000:00:17.6:   bridge window [mem 0xe6000000-0xe60fffff 64bit pref]
Jun 28 02:14:13 kali kernel: pci 0000:00:17.7: PCI bridge to [bus 1a]
Jun 28 02:14:13 kali kernel: pci 0000:00:17.7:   bridge window [mem 0xfb600000-0xfb6fffff]
Jun 28 02:14:13 kali kernel: pci 0000:00:17.7:   bridge window [mem 0xe5c00000-0xe5cfffff 64bit pref]
Jun 28 02:14:13 kali kernel: pci 0000:00:18.0: PCI bridge to [bus 1b]
Jun 28 02:14:13 kali kernel: pci 0000:00:18.0:   bridge window [io  0x7000-0x7fff]
Jun 28 02:14:13 kali kernel: pci 0000:00:18.0:   bridge window [mem 0xfd100000-0xfd1fffff]
Jun 28 02:14:13 kali kernel: pci 0000:00:18.0:   bridge window [mem 0xe7700000-0xe77fffff 64bit pref]
Jun 28 02:14:13 kali kernel: pci 0000:00:18.1: PCI bridge to [bus 1c]
Jun 28 02:14:13 kali kernel: pci 0000:00:18.1:   bridge window [io  0xb000-0xbfff]
Jun 28 02:14:13 kali kernel: pci 0000:00:18.1:   bridge window [mem 0xfcd00000-0xfcdfffff]
Jun 28 02:14:13 kali kernel: pci 0000:00:18.1:   bridge window [mem 0xe7300000-0xe73fffff 64bit pref]
Jun 28 02:14:13 kali kernel: pci 0000:00:18.2: PCI bridge to [bus 1d]
Jun 28 02:14:13 kali kernel: pci 0000:00:18.2:   bridge window [mem 0xfc900000-0xfc9fffff]
Jun 28 02:14:13 kali kernel: pci 0000:00:18.2:   bridge window [mem 0xe6f00000-0xe6ffffff 64bit pref]
Jun 28 02:14:13 kali kernel: pci 0000:00:18.3: PCI bridge to [bus 1e]
Jun 28 02:14:13 kali kernel: pci 0000:00:18.3:   bridge window [mem 0xfc500000-0xfc5fffff]
Jun 28 02:14:13 kali kernel: pci 0000:00:18.3:   bridge window [mem 0xe6b00000-0xe6bfffff 64bit pref]
Jun 28 02:14:13 kali kernel: pci 0000:00:18.4: PCI bridge to [bus 1f]
Jun 28 02:14:13 kali kernel: pci 0000:00:18.4:   bridge window [mem 0xfc100000-0xfc1fffff]
Jun 28 02:14:13 kali kernel: pci 0000:00:18.4:   bridge window [mem 0xe6700000-0xe67fffff 64bit pref]
Jun 28 02:14:13 kali kernel: pci 0000:00:18.5: PCI bridge to [bus 20]
Jun 28 02:14:13 kali kernel: pci 0000:00:18.5:   bridge window [mem 0xfbd00000-0xfbdfffff]
Jun 28 02:14:13 kali kernel: pci 0000:00:18.5:   bridge window [mem 0xe6300000-0xe63fffff 64bit pref]
Jun 28 02:14:13 kali kernel: pci 0000:00:18.6: PCI bridge to [bus 21]
Jun 28 02:14:13 kali kernel: pci 0000:00:18.6:   bridge window [mem 0xfb900000-0xfb9fffff]
Jun 28 02:14:13 kali kernel: pci 0000:00:18.6:   bridge window [mem 0xe5f00000-0xe5ffffff 64bit pref]
Jun 28 02:14:13 kali kernel: pci 0000:00:18.7: PCI bridge to [bus 22]
Jun 28 02:14:13 kali kernel: pci 0000:00:18.7:   bridge window [mem 0xfb500000-0xfb5fffff]
Jun 28 02:14:13 kali kernel: pci 0000:00:18.7:   bridge window [mem 0xe5b00000-0xe5bfffff 64bit pref]
Jun 28 02:14:13 kali kernel: pci_bus 0000:00: resource 4 [mem 0x000a0000-0x000bffff window]
Jun 28 02:14:13 kali kernel: pci_bus 0000:00: resource 5 [mem 0x000d0000-0x000dbfff window]
Jun 28 02:14:13 kali kernel: pci_bus 0000:00: resource 6 [mem 0xc0000000-0xfebfffff window]
Jun 28 02:14:13 kali kernel: pci_bus 0000:00: resource 7 [io  0x0000-0x0cf7 window]
Jun 28 02:14:13 kali kernel: pci_bus 0000:00: resource 8 [io  0x0d00-0xfeff window]
Jun 28 02:14:13 kali kernel: pci_bus 0000:02: resource 0 [io  0x2000-0x3fff]
Jun 28 02:14:13 kali kernel: pci_bus 0000:02: resource 1 [mem 0xfd500000-0xfdffffff]
Jun 28 02:14:13 kali kernel: pci_bus 0000:02: resource 2 [mem 0xe7b00000-0xe7ffffff 64bit pref]
Jun 28 02:14:13 kali kernel: pci_bus 0000:02: resource 4 [mem 0x000a0000-0x000bffff window]
Jun 28 02:14:13 kali kernel: pci_bus 0000:02: resource 5 [mem 0x000d0000-0x000dbfff window]
Jun 28 02:14:13 kali kernel: pci_bus 0000:02: resource 6 [mem 0xc0000000-0xfebfffff window]
Jun 28 02:14:13 kali kernel: pci_bus 0000:02: resource 7 [io  0x0000-0x0cf7 window]
Jun 28 02:14:13 kali kernel: pci_bus 0000:02: resource 8 [io  0x0d00-0xfeff window]
Jun 28 02:14:13 kali kernel: pci_bus 0000:03: resource 0 [io  0x4000-0x4fff]
Jun 28 02:14:13 kali kernel: pci_bus 0000:03: resource 1 [mem 0xfd400000-0xfd4fffff]
Jun 28 02:14:13 kali kernel: pci_bus 0000:03: resource 2 [mem 0xe7a00000-0xe7afffff 64bit pref]
Jun 28 02:14:13 kali kernel: pci_bus 0000:04: resource 0 [io  0x8000-0x8fff]
Jun 28 02:14:13 kali kernel: pci_bus 0000:04: resource 1 [mem 0xfd000000-0xfd0fffff]
Jun 28 02:14:13 kali kernel: pci_bus 0000:04: resource 2 [mem 0xe7600000-0xe76fffff 64bit pref]
Jun 28 02:14:13 kali kernel: pci_bus 0000:05: resource 0 [io  0xc000-0xcfff]
Jun 28 02:14:13 kali kernel: pci_bus 0000:05: resource 1 [mem 0xfcc00000-0xfccfffff]
Jun 28 02:14:13 kali kernel: pci_bus 0000:05: resource 2 [mem 0xe7200000-0xe72fffff 64bit pref]
Jun 28 02:14:13 kali kernel: pci_bus 0000:06: resource 1 [mem 0xfc800000-0xfc8fffff]
Jun 28 02:14:13 kali kernel: pci_bus 0000:06: resource 2 [mem 0xe6e00000-0xe6efffff 64bit pref]
Jun 28 02:14:13 kali kernel: pci_bus 0000:07: resource 1 [mem 0xfc400000-0xfc4fffff]
Jun 28 02:14:13 kali kernel: pci_bus 0000:07: resource 2 [mem 0xe6a00000-0xe6afffff 64bit pref]
Jun 28 02:14:13 kali kernel: pci_bus 0000:08: resource 1 [mem 0xfc000000-0xfc0fffff]
Jun 28 02:14:13 kali kernel: pci_bus 0000:08: resource 2 [mem 0xe6600000-0xe66fffff 64bit pref]
Jun 28 02:14:13 kali kernel: pci_bus 0000:09: resource 1 [mem 0xfbc00000-0xfbcfffff]
Jun 28 02:14:13 kali kernel: pci_bus 0000:09: resource 2 [mem 0xe6200000-0xe62fffff 64bit pref]
Jun 28 02:14:13 kali kernel: pci_bus 0000:0a: resource 1 [mem 0xfb800000-0xfb8fffff]
Jun 28 02:14:13 kali kernel: pci_bus 0000:0a: resource 2 [mem 0xe5e00000-0xe5efffff 64bit pref]
Jun 28 02:14:13 kali kernel: pci_bus 0000:0b: resource 0 [io  0x5000-0x5fff]
Jun 28 02:14:13 kali kernel: pci_bus 0000:0b: resource 1 [mem 0xfd300000-0xfd3fffff]
Jun 28 02:14:13 kali kernel: pci_bus 0000:0b: resource 2 [mem 0xe7900000-0xe79fffff 64bit pref]
Jun 28 02:14:13 kali kernel: pci_bus 0000:0c: resource 0 [io  0x9000-0x9fff]
Jun 28 02:14:13 kali kernel: pci_bus 0000:0c: resource 1 [mem 0xfcf00000-0xfcffffff]
Jun 28 02:14:13 kali kernel: pci_bus 0000:0c: resource 2 [mem 0xe7500000-0xe75fffff 64bit pref]
Jun 28 02:14:13 kali kernel: pci_bus 0000:0d: resource 0 [io  0xd000-0xdfff]
Jun 28 02:14:13 kali kernel: pci_bus 0000:0d: resource 1 [mem 0xfcb00000-0xfcbfffff]
Jun 28 02:14:13 kali kernel: pci_bus 0000:0d: resource 2 [mem 0xe7100000-0xe71fffff 64bit pref]
Jun 28 02:14:13 kali kernel: pci_bus 0000:0e: resource 1 [mem 0xfc700000-0xfc7fffff]
Jun 28 02:14:13 kali kernel: pci_bus 0000:0e: resource 2 [mem 0xe6d00000-0xe6dfffff 64bit pref]
Jun 28 02:14:13 kali kernel: pci_bus 0000:0f: resource 1 [mem 0xfc300000-0xfc3fffff]
Jun 28 02:14:13 kali kernel: pci_bus 0000:0f: resource 2 [mem 0xe6900000-0xe69fffff 64bit pref]
Jun 28 02:14:13 kali kernel: pci_bus 0000:10: resource 1 [mem 0xfbf00000-0xfbffffff]
Jun 28 02:14:13 kali kernel: pci_bus 0000:10: resource 2 [mem 0xe6500000-0xe65fffff 64bit pref]
Jun 28 02:14:13 kali kernel: pci_bus 0000:11: resource 1 [mem 0xfbb00000-0xfbbfffff]
Jun 28 02:14:13 kali kernel: pci_bus 0000:11: resource 2 [mem 0xe6100000-0xe61fffff 64bit pref]
Jun 28 02:14:13 kali kernel: pci_bus 0000:12: resource 1 [mem 0xfb700000-0xfb7fffff]
Jun 28 02:14:13 kali kernel: pci_bus 0000:12: resource 2 [mem 0xe5d00000-0xe5dfffff 64bit pref]
Jun 28 02:14:13 kali kernel: pci_bus 0000:13: resource 0 [io  0x6000-0x6fff]
Jun 28 02:14:13 kali kernel: pci_bus 0000:13: resource 1 [mem 0xfd200000-0xfd2fffff]
Jun 28 02:14:13 kali kernel: pci_bus 0000:13: resource 2 [mem 0xe7800000-0xe78fffff 64bit pref]
Jun 28 02:14:13 kali kernel: pci_bus 0000:14: resource 0 [io  0xa000-0xafff]
Jun 28 02:14:13 kali kernel: pci_bus 0000:14: resource 1 [mem 0xfce00000-0xfcefffff]
Jun 28 02:14:13 kali kernel: pci_bus 0000:14: resource 2 [mem 0xe7400000-0xe74fffff 64bit pref]
Jun 28 02:14:13 kali kernel: pci_bus 0000:15: resource 0 [io  0xe000-0xefff]
Jun 28 02:14:13 kali kernel: pci_bus 0000:15: resource 1 [mem 0xfca00000-0xfcafffff]
Jun 28 02:14:13 kali kernel: pci_bus 0000:15: resource 2 [mem 0xe7000000-0xe70fffff 64bit pref]
Jun 28 02:14:13 kali kernel: pci_bus 0000:16: resource 1 [mem 0xfc600000-0xfc6fffff]
Jun 28 02:14:13 kali kernel: pci_bus 0000:16: resource 2 [mem 0xe6c00000-0xe6cfffff 64bit pref]
Jun 28 02:14:13 kali kernel: pci_bus 0000:17: resource 1 [mem 0xfc200000-0xfc2fffff]
Jun 28 02:14:13 kali kernel: pci_bus 0000:17: resource 2 [mem 0xe6800000-0xe68fffff 64bit pref]
Jun 28 02:14:13 kali kernel: pci_bus 0000:18: resource 1 [mem 0xfbe00000-0xfbefffff]
Jun 28 02:14:13 kali kernel: pci_bus 0000:18: resource 2 [mem 0xe6400000-0xe64fffff 64bit pref]
Jun 28 02:14:13 kali kernel: pci_bus 0000:19: resource 1 [mem 0xfba00000-0xfbafffff]
Jun 28 02:14:13 kali kernel: pci_bus 0000:19: resource 2 [mem 0xe6000000-0xe60fffff 64bit pref]
Jun 28 02:14:13 kali kernel: pci_bus 0000:1a: resource 1 [mem 0xfb600000-0xfb6fffff]
Jun 28 02:14:13 kali kernel: pci_bus 0000:1a: resource 2 [mem 0xe5c00000-0xe5cfffff 64bit pref]
Jun 28 02:14:13 kali kernel: pci_bus 0000:1b: resource 0 [io  0x7000-0x7fff]
Jun 28 02:14:13 kali kernel: pci_bus 0000:1b: resource 1 [mem 0xfd100000-0xfd1fffff]
Jun 28 02:14:13 kali kernel: pci_bus 0000:1b: resource 2 [mem 0xe7700000-0xe77fffff 64bit pref]
Jun 28 02:14:13 kali kernel: pci_bus 0000:1c: resource 0 [io  0xb000-0xbfff]
Jun 28 02:14:13 kali kernel: pci_bus 0000:1c: resource 1 [mem 0xfcd00000-0xfcdfffff]
Jun 28 02:14:13 kali kernel: pci_bus 0000:1c: resource 2 [mem 0xe7300000-0xe73fffff 64bit pref]
Jun 28 02:14:13 kali kernel: pci_bus 0000:1d: resource 1 [mem 0xfc900000-0xfc9fffff]
Jun 28 02:14:13 kali kernel: pci_bus 0000:1d: resource 2 [mem 0xe6f00000-0xe6ffffff 64bit pref]
Jun 28 02:14:13 kali kernel: pci_bus 0000:1e: resource 1 [mem 0xfc500000-0xfc5fffff]
Jun 28 02:14:13 kali kernel: pci_bus 0000:1e: resource 2 [mem 0xe6b00000-0xe6bfffff 64bit pref]
Jun 28 02:14:13 kali kernel: pci_bus 0000:1f: resource 1 [mem 0xfc100000-0xfc1fffff]
Jun 28 02:14:13 kali kernel: pci_bus 0000:1f: resource 2 [mem 0xe6700000-0xe67fffff 64bit pref]
Jun 28 02:14:13 kali kernel: pci_bus 0000:20: resource 1 [mem 0xfbd00000-0xfbdfffff]
Jun 28 02:14:13 kali kernel: pci_bus 0000:20: resource 2 [mem 0xe6300000-0xe63fffff 64bit pref]
Jun 28 02:14:13 kali kernel: pci_bus 0000:21: resource 1 [mem 0xfb900000-0xfb9fffff]
Jun 28 02:14:13 kali kernel: pci_bus 0000:21: resource 2 [mem 0xe5f00000-0xe5ffffff 64bit pref]
Jun 28 02:14:13 kali kernel: pci_bus 0000:22: resource 1 [mem 0xfb500000-0xfb5fffff]
Jun 28 02:14:13 kali kernel: pci_bus 0000:22: resource 2 [mem 0xe5b00000-0xe5bfffff 64bit pref]
Jun 28 02:14:13 kali kernel: pci 0000:00:00.0: Limiting direct PCI/PCI transfers
Jun 28 02:14:13 kali kernel: pci 0000:02:01.0: CLS mismatch (32 != 64), using 64 bytes
Jun 28 02:14:13 kali kernel: PCI-DMA: Using software bounce buffering for IO (SWIOTLB)
Jun 28 02:14:13 kali kernel: software IO TLB: mapped [mem 0x00000000bbee0000-0x00000000bfee0000] (64MB)
Jun 28 02:14:13 kali kernel: Trying to unpack rootfs image as initramfs...
Jun 28 02:14:13 kali kernel: clocksource: tsc: mask: 0xffffffffffffffff max_cycles: 0x2e0a25d85ab, max_idle_ns: 440795234405 ns
Jun 28 02:14:13 kali kernel: clocksource: Switched to clocksource tsc
Jun 28 02:14:13 kali kernel: Initialise system trusted keyrings
Jun 28 02:14:13 kali kernel: Key type blacklist registered
Jun 28 02:14:13 kali kernel: workingset: timestamp_bits=36 max_order=21 bucket_order=0
Jun 28 02:14:13 kali kernel: zbud: loaded
Jun 28 02:14:13 kali kernel: fuse: init (API version 7.41)
Jun 28 02:14:13 kali kernel: integrity: Platform Keyring initialized
Jun 28 02:14:13 kali kernel: integrity: Machine keyring initialized
Jun 28 02:14:13 kali kernel: Key type asymmetric registered
Jun 28 02:14:13 kali kernel: Asymmetric key parser 'x509' registered
Jun 28 02:14:13 kali kernel: Freeing initrd memory: 129068K
Jun 28 02:14:13 kali kernel: Block layer SCSI generic (bsg) driver version 0.4 loaded (major 246)
Jun 28 02:14:13 kali kernel: io scheduler mq-deadline registered
Jun 28 02:14:13 kali kernel: ledtrig-cpu: registered to indicate activity on CPUs
Jun 28 02:14:13 kali kernel: pcieport 0000:00:15.0: PME: Signaling with IRQ 24
Jun 28 02:14:13 kali kernel: pcieport 0000:00:15.0: pciehp: Slot #160 AttnBtn+ PwrCtrl+ MRL- AttnInd- PwrInd- HotPlug+ Surprise- Interlock- NoCompl+ IbPresDis- LLActRep+
Jun 28 02:14:13 kali kernel: pcieport 0000:00:15.1: PME: Signaling with IRQ 25
Jun 28 02:14:13 kali kernel: pcieport 0000:00:15.1: pciehp: Slot #161 AttnBtn+ PwrCtrl+ MRL- AttnInd- PwrInd- HotPlug+ Surprise- Interlock- NoCompl+ IbPresDis- LLActRep+
Jun 28 02:14:13 kali kernel: pcieport 0000:00:15.2: PME: Signaling with IRQ 26
Jun 28 02:14:13 kali kernel: pcieport 0000:00:15.2: pciehp: Slot #162 AttnBtn+ PwrCtrl+ MRL- AttnInd- PwrInd- HotPlug+ Surprise- Interlock- NoCompl+ IbPresDis- LLActRep+
Jun 28 02:14:13 kali kernel: pcieport 0000:00:15.3: PME: Signaling with IRQ 27
Jun 28 02:14:13 kali kernel: pcieport 0000:00:15.3: pciehp: Slot #163 AttnBtn+ PwrCtrl+ MRL- AttnInd- PwrInd- HotPlug+ Surprise- Interlock- NoCompl+ IbPresDis- LLActRep+
Jun 28 02:14:13 kali kernel: pcieport 0000:00:15.4: PME: Signaling with IRQ 28
Jun 28 02:14:13 kali kernel: pcieport 0000:00:15.4: pciehp: Slot #164 AttnBtn+ PwrCtrl+ MRL- AttnInd- PwrInd- HotPlug+ Surprise- Interlock- NoCompl+ IbPresDis- LLActRep+
Jun 28 02:14:13 kali kernel: pcieport 0000:00:15.5: PME: Signaling with IRQ 29
Jun 28 02:14:13 kali kernel: pcieport 0000:00:15.5: pciehp: Slot #165 AttnBtn+ PwrCtrl+ MRL- AttnInd- PwrInd- HotPlug+ Surprise- Interlock- NoCompl+ IbPresDis- LLActRep+
Jun 28 02:14:13 kali kernel: pcieport 0000:00:15.6: PME: Signaling with IRQ 30
Jun 28 02:14:13 kali kernel: pcieport 0000:00:15.6: pciehp: Slot #166 AttnBtn+ PwrCtrl+ MRL- AttnInd- PwrInd- HotPlug+ Surprise- Interlock- NoCompl+ IbPresDis- LLActRep+
Jun 28 02:14:13 kali kernel: pcieport 0000:00:15.7: PME: Signaling with IRQ 31
Jun 28 02:14:13 kali kernel: pcieport 0000:00:15.7: pciehp: Slot #167 AttnBtn+ PwrCtrl+ MRL- AttnInd- PwrInd- HotPlug+ Surprise- Interlock- NoCompl+ IbPresDis- LLActRep+
Jun 28 02:14:13 kali kernel: pcieport 0000:00:16.0: PME: Signaling with IRQ 32
Jun 28 02:14:13 kali kernel: pcieport 0000:00:16.0: pciehp: Slot #192 AttnBtn+ PwrCtrl+ MRL- AttnInd- PwrInd- HotPlug+ Surprise- Interlock- NoCompl+ IbPresDis- LLActRep+
Jun 28 02:14:13 kali kernel: pcieport 0000:00:16.1: PME: Signaling with IRQ 33
Jun 28 02:14:13 kali kernel: pcieport 0000:00:16.1: pciehp: Slot #193 AttnBtn+ PwrCtrl+ MRL- AttnInd- PwrInd- HotPlug+ Surprise- Interlock- NoCompl+ IbPresDis- LLActRep+
Jun 28 02:14:13 kali kernel: pcieport 0000:00:16.2: PME: Signaling with IRQ 34
Jun 28 02:14:13 kali kernel: pcieport 0000:00:16.2: pciehp: Slot #194 AttnBtn+ PwrCtrl+ MRL- AttnInd- PwrInd- HotPlug+ Surprise- Interlock- NoCompl+ IbPresDis- LLActRep+
Jun 28 02:14:13 kali kernel: pcieport 0000:00:16.3: PME: Signaling with IRQ 35
Jun 28 02:14:13 kali kernel: pcieport 0000:00:16.3: pciehp: Slot #195 AttnBtn+ PwrCtrl+ MRL- AttnInd- PwrInd- HotPlug+ Surprise- Interlock- NoCompl+ IbPresDis- LLActRep+
Jun 28 02:14:13 kali kernel: pcieport 0000:00:16.4: PME: Signaling with IRQ 36
Jun 28 02:14:13 kali kernel: pcieport 0000:00:16.4: pciehp: Slot #196 AttnBtn+ PwrCtrl+ MRL- AttnInd- PwrInd- HotPlug+ Surprise- Interlock- NoCompl+ IbPresDis- LLActRep+
Jun 28 02:14:13 kali kernel: pcieport 0000:00:16.5: PME: Signaling with IRQ 37
Jun 28 02:14:13 kali kernel: pcieport 0000:00:16.5: pciehp: Slot #197 AttnBtn+ PwrCtrl+ MRL- AttnInd- PwrInd- HotPlug+ Surprise- Interlock- NoCompl+ IbPresDis- LLActRep+
Jun 28 02:14:13 kali kernel: pcieport 0000:00:16.6: PME: Signaling with IRQ 38
Jun 28 02:14:13 kali kernel: pcieport 0000:00:16.6: pciehp: Slot #198 AttnBtn+ PwrCtrl+ MRL- AttnInd- PwrInd- HotPlug+ Surprise- Interlock- NoCompl+ IbPresDis- LLActRep+
Jun 28 02:14:13 kali kernel: pcieport 0000:00:16.7: PME: Signaling with IRQ 39
Jun 28 02:14:13 kali kernel: pcieport 0000:00:16.7: pciehp: Slot #199 AttnBtn+ PwrCtrl+ MRL- AttnInd- PwrInd- HotPlug+ Surprise- Interlock- NoCompl+ IbPresDis- LLActRep+
Jun 28 02:14:13 kali kernel: pcieport 0000:00:17.0: PME: Signaling with IRQ 40
Jun 28 02:14:13 kali kernel: pcieport 0000:00:17.0: pciehp: Slot #224 AttnBtn+ PwrCtrl+ MRL- AttnInd- PwrInd- HotPlug+ Surprise- Interlock- NoCompl+ IbPresDis- LLActRep+
Jun 28 02:14:13 kali kernel: pcieport 0000:00:17.1: PME: Signaling with IRQ 41
Jun 28 02:14:13 kali kernel: pcieport 0000:00:17.1: pciehp: Slot #225 AttnBtn+ PwrCtrl+ MRL- AttnInd- PwrInd- HotPlug+ Surprise- Interlock- NoCompl+ IbPresDis- LLActRep+
Jun 28 02:14:13 kali kernel: pcieport 0000:00:17.2: PME: Signaling with IRQ 42
Jun 28 02:14:13 kali kernel: pcieport 0000:00:17.2: pciehp: Slot #226 AttnBtn+ PwrCtrl+ MRL- AttnInd- PwrInd- HotPlug+ Surprise- Interlock- NoCompl+ IbPresDis- LLActRep+
Jun 28 02:14:13 kali kernel: pcieport 0000:00:17.3: PME: Signaling with IRQ 43
Jun 28 02:14:13 kali kernel: pcieport 0000:00:17.3: pciehp: Slot #227 AttnBtn+ PwrCtrl+ MRL- AttnInd- PwrInd- HotPlug+ Surprise- Interlock- NoCompl+ IbPresDis- LLActRep+
Jun 28 02:14:13 kali kernel: pcieport 0000:00:17.4: PME: Signaling with IRQ 44
Jun 28 02:14:13 kali kernel: pcieport 0000:00:17.4: pciehp: Slot #228 AttnBtn+ PwrCtrl+ MRL- AttnInd- PwrInd- HotPlug+ Surprise- Interlock- NoCompl+ IbPresDis- LLActRep+
Jun 28 02:14:13 kali kernel: pcieport 0000:00:17.5: PME: Signaling with IRQ 45
Jun 28 02:14:13 kali kernel: pcieport 0000:00:17.5: pciehp: Slot #229 AttnBtn+ PwrCtrl+ MRL- AttnInd- PwrInd- HotPlug+ Surprise- Interlock- NoCompl+ IbPresDis- LLActRep+
Jun 28 02:14:13 kali kernel: pcieport 0000:00:17.6: PME: Signaling with IRQ 46
Jun 28 02:14:13 kali kernel: pcieport 0000:00:17.6: pciehp: Slot #230 AttnBtn+ PwrCtrl+ MRL- AttnInd- PwrInd- HotPlug+ Surprise- Interlock- NoCompl+ IbPresDis- LLActRep+
Jun 28 02:14:13 kali kernel: pcieport 0000:00:17.7: PME: Signaling with IRQ 47
Jun 28 02:14:13 kali kernel: pcieport 0000:00:17.7: pciehp: Slot #231 AttnBtn+ PwrCtrl+ MRL- AttnInd- PwrInd- HotPlug+ Surprise- Interlock- NoCompl+ IbPresDis- LLActRep+
Jun 28 02:14:13 kali kernel: pcieport 0000:00:18.0: PME: Signaling with IRQ 48
Jun 28 02:14:13 kali kernel: pcieport 0000:00:18.0: pciehp: Slot #256 AttnBtn+ PwrCtrl+ MRL- AttnInd- PwrInd- HotPlug+ Surprise- Interlock- NoCompl+ IbPresDis- LLActRep+
Jun 28 02:14:13 kali kernel: pcieport 0000:00:18.1: PME: Signaling with IRQ 49
Jun 28 02:14:13 kali kernel: pcieport 0000:00:18.1: pciehp: Slot #257 AttnBtn+ PwrCtrl+ MRL- AttnInd- PwrInd- HotPlug+ Surprise- Interlock- NoCompl+ IbPresDis- LLActRep+
Jun 28 02:14:13 kali kernel: pcieport 0000:00:18.2: PME: Signaling with IRQ 50
Jun 28 02:14:13 kali kernel: pcieport 0000:00:18.2: pciehp: Slot #258 AttnBtn+ PwrCtrl+ MRL- AttnInd- PwrInd- HotPlug+ Surprise- Interlock- NoCompl+ IbPresDis- LLActRep+
Jun 28 02:14:13 kali kernel: pcieport 0000:00:18.3: PME: Signaling with IRQ 51
Jun 28 02:14:13 kali kernel: pcieport 0000:00:18.3: pciehp: Slot #259 AttnBtn+ PwrCtrl+ MRL- AttnInd- PwrInd- HotPlug+ Surprise- Interlock- NoCompl+ IbPresDis- LLActRep+
Jun 28 02:14:13 kali kernel: pcieport 0000:00:18.4: PME: Signaling with IRQ 52
